Archive member included to satisfy reference by file (symbol)

c:/program files (x86)/atmel/studio/7.0/toolchain/avr8/avr8-gnu-toolchain/bin/../lib/gcc/avr/5.4.0/../../../../avr/lib/avrxmega6\libm.a(addsf3.o)
                              src/Thermocouple.o (__subsf3)
c:/program files (x86)/atmel/studio/7.0/toolchain/avr8/avr8-gnu-toolchain/bin/../lib/gcc/avr/5.4.0/../../../../avr/lib/avrxmega6\libm.a(addsf3x.o)
                              c:/program files (x86)/atmel/studio/7.0/toolchain/avr8/avr8-gnu-toolchain/bin/../lib/gcc/avr/5.4.0/../../../../avr/lib/avrxmega6\libm.a(addsf3.o) (__addsf3x)
c:/program files (x86)/atmel/studio/7.0/toolchain/avr8/avr8-gnu-toolchain/bin/../lib/gcc/avr/5.4.0/../../../../avr/lib/avrxmega6\libm.a(cmpsf2.o)
                              src/Thermocouple.o (__ltsf2)
c:/program files (x86)/atmel/studio/7.0/toolchain/avr8/avr8-gnu-toolchain/bin/../lib/gcc/avr/5.4.0/../../../../avr/lib/avrxmega6\libm.a(divsf3.o)
                              src/Thermocouple.o (__divsf3)
c:/program files (x86)/atmel/studio/7.0/toolchain/avr8/avr8-gnu-toolchain/bin/../lib/gcc/avr/5.4.0/../../../../avr/lib/avrxmega6\libm.a(divsf3x.o)
                              c:/program files (x86)/atmel/studio/7.0/toolchain/avr8/avr8-gnu-toolchain/bin/../lib/gcc/avr/5.4.0/../../../../avr/lib/avrxmega6\libm.a(divsf3.o) (__divsf3x)
c:/program files (x86)/atmel/studio/7.0/toolchain/avr8/avr8-gnu-toolchain/bin/../lib/gcc/avr/5.4.0/../../../../avr/lib/avrxmega6\libm.a(fixsfdi.o)
                              src/main.o (__fixunssfdi)
c:/program files (x86)/atmel/studio/7.0/toolchain/avr8/avr8-gnu-toolchain/bin/../lib/gcc/avr/5.4.0/../../../../avr/lib/avrxmega6\libm.a(fixsfsi.o)
                              src/Thermocouple.o (__fixsfsi)
c:/program files (x86)/atmel/studio/7.0/toolchain/avr8/avr8-gnu-toolchain/bin/../lib/gcc/avr/5.4.0/../../../../avr/lib/avrxmega6\libm.a(fixunssfsi.o)
                              src/Thermocouple.o (__fixunssfsi)
c:/program files (x86)/atmel/studio/7.0/toolchain/avr8/avr8-gnu-toolchain/bin/../lib/gcc/avr/5.4.0/../../../../avr/lib/avrxmega6\libm.a(floatsisf.o)
                              src/Thermocouple.o (__floatunsisf)
c:/program files (x86)/atmel/studio/7.0/toolchain/avr8/avr8-gnu-toolchain/bin/../lib/gcc/avr/5.4.0/../../../../avr/lib/avrxmega6\libm.a(floatundisf.o)
                              src/main.o (__floatundisf)
c:/program files (x86)/atmel/studio/7.0/toolchain/avr8/avr8-gnu-toolchain/bin/../lib/gcc/avr/5.4.0/../../../../avr/lib/avrxmega6\libm.a(fp_cmp.o)
                              c:/program files (x86)/atmel/studio/7.0/toolchain/avr8/avr8-gnu-toolchain/bin/../lib/gcc/avr/5.4.0/../../../../avr/lib/avrxmega6\libm.a(cmpsf2.o) (__fp_cmp)
c:/program files (x86)/atmel/studio/7.0/toolchain/avr8/avr8-gnu-toolchain/bin/../lib/gcc/avr/5.4.0/../../../../avr/lib/avrxmega6\libm.a(fp_inf.o)
                              c:/program files (x86)/atmel/studio/7.0/toolchain/avr8/avr8-gnu-toolchain/bin/../lib/gcc/avr/5.4.0/../../../../avr/lib/avrxmega6\libm.a(addsf3x.o) (__fp_inf)
c:/program files (x86)/atmel/studio/7.0/toolchain/avr8/avr8-gnu-toolchain/bin/../lib/gcc/avr/5.4.0/../../../../avr/lib/avrxmega6\libm.a(fp_nan.o)
                              c:/program files (x86)/atmel/studio/7.0/toolchain/avr8/avr8-gnu-toolchain/bin/../lib/gcc/avr/5.4.0/../../../../avr/lib/avrxmega6\libm.a(addsf3x.o) (__fp_nan)
c:/program files (x86)/atmel/studio/7.0/toolchain/avr8/avr8-gnu-toolchain/bin/../lib/gcc/avr/5.4.0/../../../../avr/lib/avrxmega6\libm.a(fp_negdi.o)
                              c:/program files (x86)/atmel/studio/7.0/toolchain/avr8/avr8-gnu-toolchain/bin/../lib/gcc/avr/5.4.0/../../../../avr/lib/avrxmega6\libm.a(fixsfdi.o) (__fp_negdi)
c:/program files (x86)/atmel/studio/7.0/toolchain/avr8/avr8-gnu-toolchain/bin/../lib/gcc/avr/5.4.0/../../../../avr/lib/avrxmega6\libm.a(fp_pscA.o)
                              c:/program files (x86)/atmel/studio/7.0/toolchain/avr8/avr8-gnu-toolchain/bin/../lib/gcc/avr/5.4.0/../../../../avr/lib/avrxmega6\libm.a(addsf3x.o) (__fp_pscA)
c:/program files (x86)/atmel/studio/7.0/toolchain/avr8/avr8-gnu-toolchain/bin/../lib/gcc/avr/5.4.0/../../../../avr/lib/avrxmega6\libm.a(fp_pscB.o)
                              c:/program files (x86)/atmel/studio/7.0/toolchain/avr8/avr8-gnu-toolchain/bin/../lib/gcc/avr/5.4.0/../../../../avr/lib/avrxmega6\libm.a(addsf3x.o) (__fp_pscB)
c:/program files (x86)/atmel/studio/7.0/toolchain/avr8/avr8-gnu-toolchain/bin/../lib/gcc/avr/5.4.0/../../../../avr/lib/avrxmega6\libm.a(fp_round.o)
                              c:/program files (x86)/atmel/studio/7.0/toolchain/avr8/avr8-gnu-toolchain/bin/../lib/gcc/avr/5.4.0/../../../../avr/lib/avrxmega6\libm.a(addsf3.o) (__fp_round)
c:/program files (x86)/atmel/studio/7.0/toolchain/avr8/avr8-gnu-toolchain/bin/../lib/gcc/avr/5.4.0/../../../../avr/lib/avrxmega6\libm.a(fp_split3.o)
[...]
Memory Configuration

Name             Origin             Length             Attributes
text             0x00000000         0x00100000         xr
data             0x00802000         0x0000ffa0         rw !x
eeprom           0x00810000         0x00010000         rw !x
fuse             0x00820000         0x00000006         rw !x
lock             0x00830000         0x00000400         rw !x
signature        0x00840000         0x00000400         rw !x
user_signatures  0x00850000         0x00000400         rw !x
*default*        0x00000000         0xffffffff

Linker script and memory map

LOAD C:/Program Files (x86)/Atmel/Studio/7.0/Packs/atmel/XMEGAA_DFP/1.1.68/gcc/dev/atxmega256a3bu/avrxmega6/crtatxmega256a3bu.o
LOAD src/ASF/xmega/drivers/adc/adc.o
LOAD src/ASF/xmega/drivers/adc/xmega_aau/adc_aau.o
LOAD src/ASF/xmega/services/pwm/pwm.o
LOAD src/Thermocouple.o
LOAD src/usb_cdc_interface.o
LOAD src/ASF/xmega/drivers/spi/spi.o
LOAD src/ASF/xmega/drivers/tc/tc.o
LOAD src/ASF/xmega/drivers/usart/usart.o
LOAD src/Config/init.o
LOAD src/pwm16.o
LOAD src/main.o
LOAD src/ASF/common/services/clock/xmega/sysclk.o
LOAD src/ASF/xmega/drivers/cpu/ccp.o
LOAD src/ASF/xmega/drivers/nvm/nvm.o
LOAD src/ASF/xmega/drivers/nvm/nvm_asm.o
LOAD src/ASF/common/services/ioport/xmega/ioport_compat.o
LOAD src/ASF/common/services/sleepmgr/xmega/sleepmgr.o
LOAD src/ASF/common/services/usb/class/cdc/device/udi_cdc.o
LOAD src/ASF/common/services/usb/class/cdc/device/udi_cdc_desc.o
LOAD src/ASF/common/services/usb/udc/udc.o
LOAD src/ASF/xmega/drivers/usb/usb_device.o
START GROUP
LOAD c:/program files (x86)/atmel/studio/7.0/toolchain/avr8/avr8-gnu-toolchain/bin/../lib/gcc/avr/5.4.0/../../../../avr/lib/avrxmega6\libm.a
END GROUP
Address of section .BOOT set to 0x40000
START GROUP
LOAD c:/program files (x86)/atmel/studio/7.0/toolchain/avr8/avr8-gnu-toolchain/bin/../lib/gcc/avr/5.4.0/avrxmega6\libgcc.a
LOAD c:/program files (x86)/atmel/studio/7.0/toolchain/avr8/avr8-gnu-toolchain/bin/../lib/gcc/avr/5.4.0/../../../../avr/lib/avrxmega6\libm.a
LOAD c:/program files (x86)/atmel/studio/7.0/toolchain/avr8/avr8-gnu-toolchain/bin/../lib/gcc/avr/5.4.0/../../../../avr/lib/avrxmega6\libc.a
LOAD C:/Program Files (x86)/Atmel/Studio/7.0/Packs/atmel/XMEGAA_DFP/1.1.68/gcc/dev/atxmega256a3bu/avrxmega6\libatxmega256a3bu.a
END GROUP
                0x00100000                __TEXT_REGION_LENGTH__ = DEFINED (__TEXT_REGION_LENGTH__)?__TEXT_REGION_LENGTH__:0x100000
                0x0000ffa0                __DATA_REGION_LENGTH__ = DEFINED (__DATA_REGION_LENGTH__)?__DATA_REGION_LENGTH__:0xffa0
                0x00010000                __EEPROM_REGION_LENGTH__ = DEFINED (__EEPROM_REGION_LENGTH__)?__EEPROM_REGION_LENGTH__:0x10000
                [0x00000006]                __FUSE_REGION_LENGTH__ = DEFINED (__FUSE_REGION_LENGTH__)?__FUSE_REGION_LENGTH__:0x400
                0x00000400                __LOCK_REGION_LENGTH__ = DEFINED (__LOCK_REGION_LENGTH__)?__LOCK_REGION_LENGTH__:0x400
                0x00000400                __SIGNATURE_REGION_LENGTH__ = DEFINED (__SIGNATURE_REGION_LENGTH__)?__SIGNATURE_REGION_LENGTH__:0x400
                0x00000400                __USER_SIGNATURE_REGION_LENGTH__ = DEFINED (__USER_SIGNATURE_REGION_LENGTH__)?__USER_SIGNATURE_REGION_LENGTH__:0x400

.hash
 *(.hash)

.dynsym
 *(.dynsym)

.dynstr
 *(.dynstr)

.gnu.version
 *(.gnu.version)

.gnu.version_d
 *(.gnu.version_d)

.gnu.version_r
 *(.gnu.version_r)

.rel.init
 *(.rel.init)

.rela.init
 *(.rela.init)

.rel.text
 *(.rel.text)
 *(.rel.text.*)
 *(.rel.gnu.linkonce.t*)

.rela.text
 *(.rela.text)
 *(.rela.text.*)
 *(.rela.gnu.linkonce.t*)

.rel.fini
 *(.rel.fini)

.rela.fini
 *(.rela.fini)

.rel.rodata
 *(.rel.rodata)
 *(.rel.rodata.*)
 *(.rel.gnu.linkonce.r*)

.rela.rodata
 *(.rela.rodata)
 *(.rela.rodata.*)
 *(.rela.gnu.linkonce.r*)

.rel.data
 *(.rel.data)
 *(.rel.data.*)
 *(.rel.gnu.linkonce.d*)

.rela.data
 *(.rela.data)
 *(.rela.data.*)
 *(.rela.gnu.linkonce.d*)

.rel.ctors
 *(.rel.ctors)

.rela.ctors
 *(.rela.ctors)

.rel.dtors
 *(.rel.dtors)

.rela.dtors
 *(.rela.dtors)

.rel.got
 *(.rel.got)

.rela.got
 *(.rela.got)

.rel.bss
 *(.rel.bss)

.rela.bss
 *(.rela.bss)

.rel.plt
 *(.rel.plt)

.rela.plt
 *(.rela.plt)

.text           0x00000000     0x82bc
 *(.vectors)
 .vectors       0x00000000      0x1fc C:/Program Files (x86)/Atmel/Studio/7.0/Packs/atmel/XMEGAA_DFP/1.1.68/gcc/dev/atxmega256a3bu/avrxmega6/crtatxmega256a3bu.o
                0x00000000                __vector_default
                0x00000000                __vectors
 *(.vectors)
 *(.progmem.gcc*)
 .progmem.gcc_sw_table.pwm_init
                0x000001fc        0xe src/ASF/xmega/services/pwm/pwm.o
 .progmem.gcc_sw_table.udd_ep_get_size
                0x0000020a        0xe src/ASF/xmega/drivers/usb/usb_device.o
                0x00000218                . = ALIGN (0x2)
                0x00000218                __trampolines_start = .
 *(.trampolines)
 .trampolines   0x00000218        0x0 linker stubs
 *(.trampolines*)
                0x00000218                __trampolines_end = .
 *libprintf_flt.a:*(.progmem.data)
 *libc.a:*(.progmem.data)
 *(.progmem*)
                0x00000218                . = ALIGN (0x2)
 *(.jumptables)
 *(.jumptables*)
 *(.lowtext)
 *(.lowtext*)
                0x00000218                __ctors_start = .
 *(.ctors)
                0x00000218                __ctors_end = .
                0x00000218                __dtors_start = .
 *(.dtors)
                0x00000218                __dtors_end = .
 SORT(*)(.ctors)
 SORT(*)(.dtors)
 *(.init0)
 .init0         0x00000218        0x0 C:/Program Files (x86)/Atmel/Studio/7.0/Packs/atmel/XMEGAA_DFP/1.1.68/gcc/dev/atxmega256a3bu/avrxmega6/crtatxmega256a3bu.o
                0x00000218                __init
 *(.init0)
 *(.init1)
 *(.init1)
 *(.init2)
 .init2         0x00000218       0x10 C:/Program Files (x86)/Atmel/Studio/7.0/Packs/atmel/XMEGAA_DFP/1.1.68/gcc/dev/atxmega256a3bu/avrxmega6/crtatxmega256a3bu.o
 *(.init2)
 *(.init3)
 *(.init3)
 *(.init4)
 .init4         0x00000228       0x1a c:/program files (x86)/atmel/studio/7.0/toolchain/avr8/avr8-gnu-toolchain/bin/../lib/gcc/avr/5.4.0/avrxmega6\libgcc.a(_copy_data.o)
                0x00000228                __do_copy_data
 .init4         0x00000242       0x10 c:/program files (x86)/atmel/studio/7.0/toolchain/avr8/avr8-gnu-toolchain/bin/../lib/gcc/avr/5.4.0/avrxmega6\libgcc.a(_clear_bss.o)
                0x00000242                __do_clear_bss
 *(.init4)
 *(.init5)
 *(.init5)
 *(.init6)
 *(.init6)
 *(.init7)
 *(.init7)
 *(.init8)
 *(.init8)
 *(.init9)
 .init9         0x00000252        0x8 C:/Program Files (x86)/Atmel/Studio/7.0/Packs/atmel/XMEGAA_DFP/1.1.68/gcc/dev/atxmega256a3bu/avrxmega6/crtatxmega256a3bu.o
 *(.init9)
 *(.text)
 .text          0x0000025a        0x2 C:/Program Files (x86)/Atmel/Studio/7.0/Packs/atmel/XMEGAA_DFP/1.1.68/gcc/dev/atxmega256a3bu/avrxmega6/crtatxmega256a3bu.o
                0x0000025a                __vector_38
                0x0000025a                __vector_104
                0x0000025a                __vector_63
                0x0000025a                __vector_28
                0x0000025a                __vector_67
                0x0000025a                __vector_1
                0x0000025a                __vector_119
                0x0000025a                __vector_32
                0x0000025a                __vector_75
                0x0000025a                __vector_91
                0x0000025a                __vector_34
                0x0000025a                __vector_62
                0x0000025a                __vector_102
                0x0000025a                __vector_24
                0x0000025a                __vector_12
                0x0000025a                __vector_69
                0x0000025a                __vector_90
                0x0000025a                __vector_46
                0x0000025a                __bad_interrupt
                0x0000025a                __vector_122
                0x0000025a                __vector_114
                0x0000025a                __vector_6
                0x0000025a                __vector_31
                0x0000025a                __vector_92
                0x0000025a                __vector_35
                0x0000025a                __vector_117
                0x0000025a                __vector_107
                0x0000025a                __vector_3
                0x0000025a                __vector_105
                0x0000025a                __vector_98
                0x0000025a                __vector_68
                0x0000025a                __vector_30
                0x0000025a                __vector_45
                0x0000025a                __vector_25
                0x0000025a                __vector_93
                0x0000025a                __vector_61
                0x0000025a                __vector_11
                0x0000025a                __vector_99
                0x0000025a                __vector_13
                0x0000025a                __vector_7
                0x0000025a                __vector_123
                0x0000025a                __vector_100
                0x0000025a                __vector_101
                0x0000025a                __vector_64
                0x0000025a                __vector_88
                0x0000025a                __vector_43
                0x0000025a                __vector_27
                0x0000025a                __vector_5
                0x0000025a                __vector_33
                0x0000025a                __vector_76
                0x0000025a                __vector_115
                0x0000025a                __vector_37
                0x0000025a                __vector_95
                0x0000025a                __vector_103
                0x0000025a                __vector_96
                0x0000025a                __vector_89
                0x0000025a                __vector_4
                0x0000025a                __vector_44
                0x0000025a                __vector_106
                0x0000025a                __vector_118
                0x0000025a                __vector_9
                0x0000025a                __vector_2
                0x0000025a                __vector_66
                0x0000025a                __vector_36
                0x0000025a                __vector_58
                0x0000025a                __vector_70
                0x0000025a                __vector_29
                0x0000025a                __vector_60
                0x0000025a                __vector_121
                0x0000025a                __vector_94
                0x0000025a                __vector_8
                0x0000025a                __vector_26
                0x0000025a                __vector_124
                0x0000025a                __vector_116
                0x0000025a                __vector_57
                0x0000025a                __vector_10
                0x0000025a                __vector_59
                0x0000025a                __vector_97
                0x0000025a                __vector_87
                0x0000025a                __vector_65
                0x0000025a                __vector_120
                0x0000025c                . = ALIGN (0x2)
 *(.text.*)
 .text.__vector_71
                0x0000025c       0xe4 src/ASF/xmega/drivers/adc/xmega_aau/adc_aau.o
                0x0000025c                __vector_71
 .text.__vector_72
                0x00000340       0xe4 src/ASF/xmega/drivers/adc/xmega_aau/adc_aau.o
                0x00000340                __vector_72
 .text.__vector_73
                0x00000424       0xe4 src/ASF/xmega/drivers/adc/xmega_aau/adc_aau.o
                0x00000424                __vector_73
 .text.__vector_74
                0x00000508       0xe4 src/ASF/xmega/drivers/adc/xmega_aau/adc_aau.o
                0x00000508                __vector_74
 .text.__vector_39
                0x000005ec       0xe4 src/ASF/xmega/drivers/adc/xmega_aau/adc_aau.o
                0x000005ec                __vector_39
 .text.__vector_40
                0x000006d0       0xe4 src/ASF/xmega/drivers/adc/xmega_aau/adc_aau.o
                0x000006d0                __vector_40
 .text.__vector_41
                0x000007b4       0xe4 src/ASF/xmega/drivers/adc/xmega_aau/adc_aau.o
                0x000007b4                __vector_41
 .text.__vector_42
                0x00000898       0xe4 src/ASF/xmega/drivers/adc/xmega_aau/adc_aau.o
                0x00000898                __vector_42
 .text.sysclk_get_main_hz
                0x0000097c       0x1a src/ASF/xmega/services/pwm/pwm.o
 .text.sysclk_get_per4_hz
                0x00000996       0x36 src/ASF/xmega/services/pwm/pwm.o
 .text.sysclk_get_per2_hz
                0x000009cc       0x18 src/ASF/xmega/services/pwm/pwm.o
 .text.sysclk_get_per_hz
                0x000009e4       0x18 src/ASF/xmega/services/pwm/pwm.o
 .text.sysclk_get_cpu_hz
                0x000009fc       0x18 src/ASF/xmega/services/pwm/pwm.o
 .text.tc_write_clock_source
                0x00000a14       0x38 src/ASF/xmega/services/pwm/pwm.o
 .text.tc_write_period
                0x00000a4c       0x30 src/ASF/xmega/services/pwm/pwm.o
 .text.tc_enable_cc_channels
                0x00000a7c       0x68 src/ASF/xmega/services/pwm/pwm.o
 .text.tc_write_cc_buffer
                0x00000ae4       0xd4 src/ASF/xmega/services/pwm/pwm.o
 .text.tc_set_wgm
                0x00000bb8       0x38 src/ASF/xmega/services/pwm/pwm.o
 .text.pwm_set_duty_cycle_percent
                0x00000bf0       0x70 src/ASF/xmega/services/pwm/pwm.o
 .text.pwm_set_frequency
                0x00000c60      0x19e src/ASF/xmega/services/pwm/pwm.o
                0x00000c60                pwm_set_frequency
 .text.pwm_init
                0x00000dfe      0x2d0 src/ASF/xmega/services/pwm/pwm.o
                0x00000dfe                pwm_init
 .text.pwm_start
                0x000010ce       0x6a src/ASF/xmega/services/pwm/pwm.o
                0x000010ce                pwm_start
 .text.__iCliRetVal
                0x00001138       0x12 src/usb_cdc_interface.o
 .text.__iSeiParam
                0x0000114a       0x1e src/usb_cdc_interface.o
 .text.print_value32
                0x00001168       0x5e src/usb_cdc_interface.o
                0x00001168                print_value32
 .text.copy_command
                0x000011c6       0x4e src/usb_cdc_interface.o
                0x000011c6                copy_command
 .text.udi_cdc_puts
                0x00001214       0x46 src/usb_cdc_interface.o
                0x00001214                udi_cdc_puts
 .text.usb_cdc_interface_rx_notify
                0x0000125a       0x7c src/usb_cdc_interface.o
                0x0000125a                usb_cdc_interface_rx_notify
 .text.cpu_irq_save
                0x000012d6       0x20 src/ASF/xmega/drivers/tc/tc.o
 .text.cpu_irq_restore
                0x000012f6       0x20 src/ASF/xmega/drivers/tc/tc.o
 .text.sleepmgr_lock_mode
                0x00001316       0x3c src/ASF/xmega/drivers/tc/tc.o
 .text.__vector_14
                0x00001352       0x7a src/ASF/xmega/drivers/tc/tc.o
                0x00001352                __vector_14
 .text.__vector_15
                0x000013cc       0x7a src/ASF/xmega/drivers/tc/tc.o
                0x000013cc                __vector_15
 .text.__vector_16
                0x00001446       0x7a src/ASF/xmega/drivers/tc/tc.o
                0x00001446                __vector_16
 .text.__vector_17
                0x000014c0       0x7a src/ASF/xmega/drivers/tc/tc.o
                0x000014c0                __vector_17
 .text.__vector_18
                0x0000153a       0x7a src/ASF/xmega/drivers/tc/tc.o
                0x0000153a                __vector_18
 .text.__vector_19
                0x000015b4       0x7a src/ASF/xmega/drivers/tc/tc.o
                0x000015b4                __vector_19
 .text.__vector_20
                0x0000162e       0x7a src/ASF/xmega/drivers/tc/tc.o
                0x0000162e                __vector_20
 .text.__vector_21
                0x000016a8       0x7a src/ASF/xmega/drivers/tc/tc.o
                0x000016a8                __vector_21
 .text.__vector_22
                0x00001722       0x7a src/ASF/xmega/drivers/tc/tc.o
                0x00001722                __vector_22
 .text.__vector_23
                0x0000179c       0x7a src/ASF/xmega/drivers/tc/tc.o
                0x0000179c                __vector_23
 .text.__vector_77
                0x00001816       0x7a src/ASF/xmega/drivers/tc/tc.o
                0x00001816                __vector_77
 .text.__vector_78
                0x00001890       0x7a src/ASF/xmega/drivers/tc/tc.o
                0x00001890                __vector_78
 .text.__vector_79
                0x0000190a       0x7a src/ASF/xmega/drivers/tc/tc.o
                0x0000190a                __vector_79
 .text.__vector_80
                0x00001984       0x7a src/ASF/xmega/drivers/tc/tc.o
                0x00001984                __vector_80
 .text.__vector_81
                0x000019fe       0x7a src/ASF/xmega/drivers/tc/tc.o
                0x000019fe                __vector_81
 .text.__vector_82
                0x00001a78       0x7a src/ASF/xmega/drivers/tc/tc.o
                0x00001a78                __vector_82
 .text.__vector_83
                0x00001af2       0x7a src/ASF/xmega/drivers/tc/tc.o
                0x00001af2                __vector_83
 .text.__vector_84
                0x00001b6c       0x7a src/ASF/xmega/drivers/tc/tc.o
                0x00001b6c                __vector_84
 .text.__vector_85
                0x00001be6       0x7a src/ASF/xmega/drivers/tc/tc.o
                0x00001be6                __vector_85
 .text.__vector_86
                0x00001c60       0x7a src/ASF/xmega/drivers/tc/tc.o
                0x00001c60                __vector_86
 .text.__vector_47
                0x00001cda       0x7a src/ASF/xmega/drivers/tc/tc.o
                0x00001cda                __vector_47
 .text.__vector_48
                0x00001d54       0x7a src/ASF/xmega/drivers/tc/tc.o
                0x00001d54                __vector_48
 .text.__vector_49
                0x00001dce       0x7a src/ASF/xmega/drivers/tc/tc.o
                0x00001dce                __vector_49
 .text.__vector_50
                0x00001e48       0x7a src/ASF/xmega/drivers/tc/tc.o
                0x00001e48                __vector_50
 .text.__vector_51
                0x00001ec2       0x7a src/ASF/xmega/drivers/tc/tc.o
                0x00001ec2                __vector_51
 .text.__vector_52
                0x00001f3c       0x7a src/ASF/xmega/drivers/tc/tc.o
                0x00001f3c                __vector_52
 .text.__vector_53
                0x00001fb6       0x7a src/ASF/xmega/drivers/tc/tc.o
                0x00001fb6                __vector_53
 .text.__vector_54
                0x00002030       0x7a src/ASF/xmega/drivers/tc/tc.o
                0x00002030                __vector_54
 .text.__vector_55
                0x000020aa       0x7a src/ASF/xmega/drivers/tc/tc.o
                0x000020aa                __vector_55
 .text.__vector_56
                0x00002124       0x7a src/ASF/xmega/drivers/tc/tc.o
                0x00002124                __vector_56
 .text.__vector_108
                0x0000219e       0x7a src/ASF/xmega/drivers/tc/tc.o
                0x0000219e                __vector_108
 .text.__vector_109
                0x00002218       0x7a src/ASF/xmega/drivers/tc/tc.o
                0x00002218                __vector_109
 .text.__vector_110
                0x00002292       0x7a src/ASF/xmega/drivers/tc/tc.o
                0x00002292                __vector_110
 .text.__vector_111
                0x0000230c       0x7a src/ASF/xmega/drivers/tc/tc.o
                0x0000230c                __vector_111
 .text.__vector_112
                0x00002386       0x7a src/ASF/xmega/drivers/tc/tc.o
                0x00002386                __vector_112
 .text.__vector_113
                0x00002400       0x7a src/ASF/xmega/drivers/tc/tc.o
                0x00002400                __vector_113
 .text.tc_enable
                0x0000247a       0xf8 src/ASF/xmega/drivers/tc/tc.o
                0x0000247a                tc_enable
 .text.usart_rx_enable
                0x00002572       0x30 src/ASF/xmega/drivers/usart/usart.o
 .text.usart_format_set
                0x000025a2       0x46 src/ASF/xmega/drivers/usart/usart.o
 .text.usart_tx_enable
                0x000025e8       0x30 src/ASF/xmega/drivers/usart/usart.o
 .text.usart_set_mode
                0x00002618       0x38 src/ASF/xmega/drivers/usart/usart.o
 .text.usart_data_register_is_empty
                0x00002650       0x34 src/ASF/xmega/drivers/usart/usart.o
 .text.sysclk_get_main_hz
                0x00002684       0x1a src/ASF/xmega/drivers/usart/usart.o
 .text.sysclk_get_per4_hz
                0x0000269e       0x36 src/ASF/xmega/drivers/usart/usart.o
 .text.sysclk_get_per2_hz
                0x000026d4       0x18 src/ASF/xmega/drivers/usart/usart.o
 .text.sysclk_get_per_hz
                0x000026ec       0x18 src/ASF/xmega/drivers/usart/usart.o
 .text.sysclk_enable_peripheral_clock
                0x00002704      0x268 src/ASF/xmega/drivers/usart/usart.o
 .text.usart_init_rs232
                0x0000296c       0x8c src/ASF/xmega/drivers/usart/usart.o
                0x0000296c                usart_init_rs232
 .text.usart_putchar
                0x000029f8       0x3c src/ASF/xmega/drivers/usart/usart.o
                0x000029f8                usart_putchar
 .text.usart_set_baudrate
                0x00002a34      0x37c src/ASF/xmega/drivers/usart/usart.o
                0x00002a34                usart_set_baudrate
 .text.ioport_configure_pin
                0x00002db0       0x7a src/Config/init.o
 .text.board_init
                0x00002e2a       0x48 src/Config/init.o
                0x00002e2a                board_init
 .text.sleep_set_mode
                0x00002e72       0x2e src/main.o
 .text.sleepmgr_sleep
                0x00002ea0       0x50 src/main.o
 .text.sleepmgr_init
                0x00002ef0       0x38 src/main.o
 .text.sleepmgr_get_sleep_mode
                0x00002f28       0x40 src/main.o
 .text.sleepmgr_enter_sleep
                0x00002f68       0x26 src/main.o
 .text.sysclk_get_main_hz
                0x00002f8e       0x1a src/main.o
 .text.sysclk_get_per4_hz
                0x00002fa8       0x36 src/main.o
 .text.sysclk_get_per2_hz
                0x00002fde       0x18 src/main.o
 .text.sysclk_get_per_hz
                0x00002ff6       0x18 src/main.o
 .text.sysclk_get_cpu_hz
                0x0000300e       0x18 src/main.o
 .text.__portable_avr_delay_cycles
                0x00003026        0xc src/main.o
 .text.pmic_init
                0x00003032       0x1a src/main.o
 .text.tc_write_cc_buffer
                0x0000304c       0xd4 src/main.o
 .text.pwm_set_duty_cycle_percent
                0x00003120       0x70 src/main.o
 .text.lcd_puts
                0x00003190       0x44 src/main.o
                0x00003190                lcd_puts
 .text.process_command
                0x000031d4      0x7d0 src/main.o
                0x000031d4                process_command
 .text.main     0x000039a4      0x2c8 src/main.o
                0x000039a4                main
 .text.main_suspend_action
                0x00003c6c       0x10 src/main.o
                0x00003c6c                main_suspend_action
 .text.main_resume_action
                0x00003c7c       0x10 src/main.o
                0x00003c7c                main_resume_action
 .text.main_sof_action
                0x00003c8c       0x12 src/main.o
                0x00003c8c                main_sof_action
 .text.main_cdc_enable
                0x00003c9e       0x20 src/main.o
                0x00003c9e                main_cdc_enable
 .text.main_cdc_disable
                0x00003cbe       0x1a src/main.o
                0x00003cbe                main_cdc_disable
 .text.main_cdc_set_dtr
                0x00003cd8       0x64 src/main.o
                0x00003cd8                main_cdc_set_dtr
 .text.cpu_irq_save
                0x00003d3c       0x20 src/ASF/common/services/clock/xmega/sysclk.o
 .text.cpu_irq_restore
                0x00003d5c       0x20 src/ASF/common/services/clock/xmega/sysclk.o
 .text.osc_enable_internal
                0x00003d7c       0x36 src/ASF/common/services/clock/xmega/sysclk.o
 .text.osc_enable_external
                0x00003db2       0x16 src/ASF/common/services/clock/xmega/sysclk.o
 .text.osc_disable
                0x00003dc8       0x3a src/ASF/common/services/clock/xmega/sysclk.o
 .text.osc_enable
                0x00003e02       0x26 src/ASF/common/services/clock/xmega/sysclk.o
 .text.osc_is_ready
                0x00003e28       0x28 src/ASF/common/services/clock/xmega/sysclk.o
 .text.osc_enable_autocalibration
                0x00003e50      0x102 src/ASF/common/services/clock/xmega/sysclk.o
 .text.osc_user_calibration
                0x00003f52       0x6c src/ASF/common/services/clock/xmega/sysclk.o
 .text.osc_wait_ready
                0x00003fbe       0x26 src/ASF/common/services/clock/xmega/sysclk.o
 .text.sysclk_set_prescalers
                0x00003fe4       0x2a src/ASF/common/services/clock/xmega/sysclk.o
 .text.nvm_read_production_signature_row
                0x0000400e       0x20 src/ASF/common/services/clock/xmega/sysclk.o
 .text.sysclk_init
                0x0000402e       0xb0 src/ASF/common/services/clock/xmega/sysclk.o
                0x0000402e                sysclk_init
 .text.sysclk_enable_module
                0x000040de       0x48 src/ASF/common/services/clock/xmega/sysclk.o
                0x000040de                sysclk_enable_module
 .text.sysclk_enable_usb
                0x00004126       0x58 src/ASF/common/services/clock/xmega/sysclk.o
                0x00004126                sysclk_enable_usb
 .text.ccp_write_io
                0x0000417e        0xc src/ASF/xmega/drivers/cpu/ccp.o
                0x0000417e                ccp_write_io
 .text.nvm_read_byte
                0x0000418a       0x14 src/ASF/xmega/drivers/nvm/nvm_asm.o
                0x0000418a                nvm_read_byte
 .text.ioport_configure_port_pin
                0x0000419e       0xba src/ASF/common/services/ioport/xmega/ioport_compat.o
                0x0000419e                ioport_configure_port_pin
 .text.cpu_irq_save
                0x00004258       0x20 src/ASF/common/services/usb/class/cdc/device/udi_cdc.o
 .text.cpu_irq_restore
                0x00004278       0x20 src/ASF/common/services/usb/class/cdc/device/udi_cdc.o
 .text.udi_cdc_comm_enable
                0x00004298      0x1c8 src/ASF/common/services/usb/class/cdc/device/udi_cdc.o
                0x00004298                udi_cdc_comm_enable
 .text.udi_cdc_data_enable
                0x00004460       0xfe src/ASF/common/services/usb/class/cdc/device/udi_cdc.o
                0x00004460                udi_cdc_data_enable
 .text.udi_cdc_comm_disable
                0x0000455e       0x1a src/ASF/common/services/usb/class/cdc/device/udi_cdc.o
                0x0000455e                udi_cdc_comm_disable
 .text.udi_cdc_data_disable
                0x00004578       0x2c src/ASF/common/services/usb/class/cdc/device/udi_cdc.o
                0x00004578                udi_cdc_data_disable
 .text.udi_cdc_comm_setup
                0x000045a4      0x11e src/ASF/common/services/usb/class/cdc/device/udi_cdc.o
                0x000045a4                udi_cdc_comm_setup
 .text.udi_cdc_data_setup
                0x000046c2       0x10 src/ASF/common/services/usb/class/cdc/device/udi_cdc.o
                0x000046c2                udi_cdc_data_setup
 .text.udi_cdc_getsetting
                0x000046d2       0x10 src/ASF/common/services/usb/class/cdc/device/udi_cdc.o
                0x000046d2                udi_cdc_getsetting
 .text.udi_cdc_data_sof_notify
                0x000046e2       0x16 src/ASF/common/services/usb/class/cdc/device/udi_cdc.o
                0x000046e2                udi_cdc_data_sof_notify
 .text.udi_cdc_setup_to_port
                0x000046f8       0x2a src/ASF/common/services/usb/class/cdc/device/udi_cdc.o
 .text.udi_cdc_line_coding_received
                0x00004722       0x18 src/ASF/common/services/usb/class/cdc/device/udi_cdc.o
 .text.udi_cdc_rx_start
                0x0000473a      0x144 src/ASF/common/services/usb/class/cdc/device/udi_cdc.o
 .text.udi_cdc_data_received
                0x0000487e       0xf2 src/ASF/common/services/usb/class/cdc/device/udi_cdc.o
 .text.udi_cdc_data_sent
                0x00004970       0x96 src/ASF/common/services/usb/class/cdc/device/udi_cdc.o
 .text.udi_cdc_tx_send
                0x00004a06      0x27a src/ASF/common/services/usb/class/cdc/device/udi_cdc.o
 .text.udi_cdc_multi_get_nb_received_data
                0x00004c80       0x7e src/ASF/common/services/usb/class/cdc/device/udi_cdc.o
                0x00004c80                udi_cdc_multi_get_nb_received_data
 .text.udi_cdc_multi_is_rx_ready
                0x00004cfe       0x22 src/ASF/common/services/usb/class/cdc/device/udi_cdc.o
                0x00004cfe                udi_cdc_multi_is_rx_ready
 .text.udi_cdc_is_rx_ready
                0x00004d20       0x12 src/ASF/common/services/usb/class/cdc/device/udi_cdc.o
                0x00004d20                udi_cdc_is_rx_ready
 .text.udi_cdc_multi_getc
                0x00004d32      0x152 src/ASF/common/services/usb/class/cdc/device/udi_cdc.o
                0x00004d32                udi_cdc_multi_getc
 .text.udi_cdc_getc
                0x00004e84       0x12 src/ASF/common/services/usb/class/cdc/device/udi_cdc.o
                0x00004e84                udi_cdc_getc
 .text.udi_cdc_multi_get_free_tx_buffer
                0x00004e96      0x110 src/ASF/common/services/usb/class/cdc/device/udi_cdc.o
                0x00004e96                udi_cdc_multi_get_free_tx_buffer
 .text.udi_cdc_multi_is_tx_ready
                0x00004fa6       0x22 src/ASF/common/services/usb/class/cdc/device/udi_cdc.o
                0x00004fa6                udi_cdc_multi_is_tx_ready
 .text.udi_cdc_multi_putc
                0x00004fc8      0x130 src/ASF/common/services/usb/class/cdc/device/udi_cdc.o
                0x00004fc8                udi_cdc_multi_putc
 .text.udi_cdc_putc
                0x000050f8       0x24 src/ASF/common/services/usb/class/cdc/device/udi_cdc.o
                0x000050f8                udi_cdc_putc
 .text.udc_get_eof_conf
                0x0000511c       0x34 src/ASF/common/services/usb/udc/udc.o
 .text.udc_next_desc_in_iface
                0x00005150       0x8e src/ASF/common/services/usb/udc/udc.o
 .text.udc_update_iface_desc
                0x000051de       0xd2 src/ASF/common/services/usb/udc/udc.o
 .text.udc_iface_disable
                0x000052b0       0xb6 src/ASF/common/services/usb/udc/udc.o
 .text.udc_iface_enable
                0x00005366       0xaa src/ASF/common/services/usb/udc/udc.o
 .text.udc_start
                0x00005410       0x12 src/ASF/common/services/usb/udc/udc.o
                0x00005410                udc_start
 .text.udc_reset
                0x00005422       0x52 src/ASF/common/services/usb/udc/udc.o
                0x00005422                udc_reset
 .text.udc_sof_notify
                0x00005474       0x96 src/ASF/common/services/usb/udc/udc.o
                0x00005474                udc_sof_notify
 .text.udc_req_std_dev_get_status
                0x0000550a       0x2a src/ASF/common/services/usb/udc/udc.o
 .text.udc_req_std_ep_get_status
                0x00005534       0x40 src/ASF/common/services/usb/udc/udc.o
 .text.udc_req_std_dev_clear_feature
                0x00005574       0x42 src/ASF/common/services/usb/udc/udc.o
 .text.udc_req_std_ep_clear_feature
                0x000055b6       0x38 src/ASF/common/services/usb/udc/udc.o
 .text.udc_req_std_dev_set_feature
                0x000055ee       0x32 src/ASF/common/services/usb/udc/udc.o
 .text.udc_req_std_ep_set_feature
                0x00005620       0x42 src/ASF/common/services/usb/udc/udc.o
 .text.udc_valid_address
                0x00005662       0x1c src/ASF/common/services/usb/udc/udc.o
 .text.udc_req_std_dev_set_address
                0x0000567e       0x2c src/ASF/common/services/usb/udc/udc.o
 .text.udc_req_std_dev_get_str_desc
                0x000056aa       0xc6 src/ASF/common/services/usb/udc/udc.o
 .text.udc_req_std_dev_get_descriptor
                0x00005770      0x108 src/ASF/common/services/usb/udc/udc.o
 .text.udc_req_std_dev_get_configuration
                0x00005878       0x2a src/ASF/common/services/usb/udc/udc.o
 .text.udc_req_std_dev_set_configuration
                0x000058a2       0xcc src/ASF/common/services/usb/udc/udc.o
 .text.udc_req_std_iface_get_setting
                0x0000596e       0xb0 src/ASF/common/services/usb/udc/udc.o
 .text.udc_req_std_iface_set_setting
                0x00005a1e       0x5e src/ASF/common/services/usb/udc/udc.o
 .text.udc_reqstd
                0x00005a7c      0x142 src/ASF/common/services/usb/udc/udc.o
 .text.udc_req_iface
                0x00005bbe       0xb2 src/ASF/common/services/usb/udc/udc.o
 .text.udc_req_ep
                0x00005c70       0xae src/ASF/common/services/usb/udc/udc.o
 .text.udc_process_setup
                0x00005d1e       0x8e src/ASF/common/services/usb/udc/udc.o
                0x00005d1e                udc_process_setup
 .text.cpu_irq_save
                0x00005dac       0x20 src/ASF/xmega/drivers/usb/usb_device.o
 .text.cpu_irq_restore
                0x00005dcc       0x20 src/ASF/xmega/drivers/usb/usb_device.o
 .text.nvm_read_production_signature_row
                0x00005dec       0x22 src/ASF/xmega/drivers/usb/usb_device.o
 .text.usb_pad_init
                0x00005e0e       0x58 src/ASF/xmega/drivers/usb/usb_device.o
 .text.sleepmgr_lock_mode
                0x00005e66       0x3c src/ASF/xmega/drivers/usb/usb_device.o
 .text.sleepmgr_unlock_mode
                0x00005ea2       0x3c src/ASF/xmega/drivers/usb/usb_device.o
 .text.udd_sleep_mode
                0x00005ede       0x48 src/ASF/xmega/drivers/usb/usb_device.o
 .text.udd_enable
                0x00005f26      0x128 src/ASF/xmega/drivers/usb/usb_device.o
                0x00005f26                udd_enable
 .text.udd_attach
                0x0000604e       0x8e src/ASF/xmega/drivers/usb/usb_device.o
                0x0000604e                udd_attach
 .text.udd_is_high_speed
                0x000060dc       0x10 src/ASF/xmega/drivers/usb/usb_device.o
                0x000060dc                udd_is_high_speed
 .text.udd_set_address
                0x000060ec       0x20 src/ASF/xmega/drivers/usb/usb_device.o
                0x000060ec                udd_set_address
 .text.udd_getaddress
                0x0000610c       0x16 src/ASF/xmega/drivers/usb/usb_device.o
                0x0000610c                udd_getaddress
 .text.udd_get_frame_number
                0x00006122       0x16 src/ASF/xmega/drivers/usb/usb_device.o
                0x00006122                udd_get_frame_number
 .text.udd_get_micro_frame_number
                0x00006138       0x12 src/ASF/xmega/drivers/usb/usb_device.o
                0x00006138                udd_get_micro_frame_number
 .text.udd_set_setup_payload
                0x0000614a       0x3a src/ASF/xmega/drivers/usb/usb_device.o
                0x0000614a                udd_set_setup_payload
 .text.udd_ep_alloc
                0x00006184       0x90 src/ASF/xmega/drivers/usb/usb_device.o
                0x00006184                udd_ep_alloc
 .text.udd_ep_free
                0x00006214       0x2e src/ASF/xmega/drivers/usb/usb_device.o
                0x00006214                udd_ep_free
 .text.udd_ep_is_halted
                0x00006242       0x3a src/ASF/xmega/drivers/usb/usb_device.o
                0x00006242                udd_ep_is_halted
 .text.udd_ep_set_halt
                0x0000627c       0x48 src/ASF/xmega/drivers/usb/usb_device.o
                0x0000627c                udd_ep_set_halt
 .text.udd_ep_clear_halt
                0x000062c4       0x84 src/ASF/xmega/drivers/usb/usb_device.o
                0x000062c4                udd_ep_clear_halt
 .text.udd_ep_run
                0x00006348      0x190 src/ASF/xmega/drivers/usb/usb_device.o
                0x00006348                udd_ep_run
 .text.udd_ep_abort
                0x000064d8       0x98 src/ASF/xmega/drivers/usb/usb_device.o
                0x000064d8                udd_ep_abort
 .text.__vector_125
                0x00006570      0x14c src/ASF/xmega/drivers/usb/usb_device.o
                0x00006570                __vector_125
 .text.__vector_126
                0x000066bc      0x152 src/ASF/xmega/drivers/usb/usb_device.o
                0x000066bc                __vector_126
 .text.udd_ep_init
                0x0000680e       0xea src/ASF/xmega/drivers/usb/usb_device.o
 .text.udd_ep_get_ctrl
                0x000068f8       0x46 src/ASF/xmega/drivers/usb/usb_device.o
 .text.udd_ctrl_init
                0x0000693e       0x8e src/ASF/xmega/drivers/usb/usb_device.o
 .text.udd_ctrl_setup_received
                0x000069cc       0xd8 src/ASF/xmega/drivers/usb/usb_device.o
 .text.udd_ctrl_in_sent
                0x00006aa4      0x12a src/ASF/xmega/drivers/usb/usb_device.o
 .text.udd_ctrl_out_received
                0x00006bce      0x17c src/ASF/xmega/drivers/usb/usb_device.o
 .text.udd_ctrl_underflow
                0x00006d4a       0x58 src/ASF/xmega/drivers/usb/usb_device.o
 .text.udd_ctrl_overflow
                0x00006da2       0x58 src/ASF/xmega/drivers/usb/usb_device.o
 .text.udd_ctrl_stall_data
                0x00006dfa       0x2e src/ASF/xmega/drivers/usb/usb_device.o
 .text.udd_ctrl_send_zlp_in
                0x00006e28       0x2c src/ASF/xmega/drivers/usb/usb_device.o
 .text.udd_ctrl_send_zlp_out
                0x00006e54       0x24 src/ASF/xmega/drivers/usb/usb_device.o
 .text.udd_ctrl_endofrequest
                0x00006e78       0x28 src/ASF/xmega/drivers/usb/usb_device.o
 .text.udd_ctrl_interrupt_error
                0x00006ea0       0x78 src/ASF/xmega/drivers/usb/usb_device.o
 .text.udd_ctrl_interrupt_tc_setup
                0x00006f18       0x60 src/ASF/xmega/drivers/usb/usb_device.o
 .text.udd_ep_get_size
                0x00006f78       0x7e src/ASF/xmega/drivers/usb/usb_device.o
 .text.udd_ep_get_job
                0x00006ff6       0x50 src/ASF/xmega/drivers/usb/usb_device.o
 .text.udd_ep_trans_complet
                0x00007046      0x3c2 src/ASF/xmega/drivers/usb/usb_device.o
 .text.avr-libc.fplib
                0x00007408        0xa c:/program files (x86)/atmel/studio/7.0/toolchain/avr8/avr8-gnu-toolchain/bin/../lib/gcc/avr/5.4.0/../../../../avr/lib/avrxmega6\libm.a(addsf3.o)
                0x00007408                __subsf3
                0x0000740a                __addsf3
 .text.avr-libc.fplib
                0x00007412       0xc0 c:/program files (x86)/atmel/studio/7.0/toolchain/avr8/avr8-gnu-toolchain/bin/../lib/gcc/avr/5.4.0/../../../../avr/lib/avrxmega6\libm.a(addsf3x.o)
                0x0000742c                __addsf3x
 .text.avr-libc.fplib
                0x000074d2        0x8 c:/program files (x86)/atmel/studio/7.0/toolchain/avr8/avr8-gnu-toolchain/bin/../lib/gcc/avr/5.4.0/../../../../avr/lib/avrxmega6\libm.a(cmpsf2.o)
                0x000074d2                __nesf2
                0x000074d2                __eqsf2
                0x000074d2                __cmpsf2
                0x000074d2                __ltsf2
                0x000074d2                __lesf2
 .text.avr-libc.fplib
                0x000074da        0x4 c:/program files (x86)/atmel/studio/7.0/toolchain/avr8/avr8-gnu-toolchain/bin/../lib/gcc/avr/5.4.0/../../../../avr/lib/avrxmega6\libm.a(divsf3.o)
                0x000074da                __divsf3
 .text.avr-libc.fplib
                0x000074de       0xcc c:/program files (x86)/atmel/studio/7.0/toolchain/avr8/avr8-gnu-toolchain/bin/../lib/gcc/avr/5.4.0/../../../../avr/lib/avrxmega6\libm.a(divsf3x.o)
                0x000074f4                __divsf3x
                0x000074f8                __divsf3_pse
 .text.avr-libc.fplib
                0x000075aa       0x74 c:/program files (x86)/atmel/studio/7.0/toolchain/avr8/avr8-gnu-toolchain/bin/../lib/gcc/avr/5.4.0/../../../../avr/lib/avrxmega6\libm.a(fixsfdi.o)
                0x000075aa                __fixsfdi
                0x000075b4                __fixunssfdi
 .text.avr-libc.fplib
                0x0000761e        0xa c:/program files (x86)/atmel/studio/7.0/toolchain/avr8/avr8-gnu-toolchain/bin/../lib/gcc/avr/5.4.0/../../../../avr/lib/avrxmega6\libm.a(fixsfsi.o)
                0x0000761e                __fixsfsi
 .text.avr-libc.fplib
                0x00007628       0x58 c:/program files (x86)/atmel/studio/7.0/toolchain/avr8/avr8-gnu-toolchain/bin/../lib/gcc/avr/5.4.0/../../../../avr/lib/avrxmega6\libm.a(fixunssfsi.o)
                0x00007628                __fixunssfsi
 .text.avr-libc.fplib
                0x00007680       0x7a c:/program files (x86)/atmel/studio/7.0/toolchain/avr8/avr8-gnu-toolchain/bin/../lib/gcc/avr/5.4.0/../../../../avr/lib/avrxmega6\libm.a(floatsisf.o)
                0x00007680                __floatunsisf
                0x00007684                __floatsisf
 .text.avr-libc.fplib
                0x000076fa       0x7c c:/program files (x86)/atmel/studio/7.0/toolchain/avr8/avr8-gnu-toolchain/bin/../lib/gcc/avr/5.4.0/../../../../avr/lib/avrxmega6\libm.a(floatundisf.o)
                0x000076fa                __floatundisf
                0x000076fc                __fp_di2sf
 .text.avr-libc.fplib
                0x00007776       0x48 c:/program files (x86)/atmel/studio/7.0/toolchain/avr8/avr8-gnu-toolchain/bin/../lib/gcc/avr/5.4.0/../../../../avr/lib/avrxmega6\libm.a(fp_cmp.o)
                0x00007776                __fp_cmp
 .text.avr-libc.fplib
                0x000077be        0xc c:/program files (x86)/atmel/studio/7.0/toolchain/avr8/avr8-gnu-toolchain/bin/../lib/gcc/avr/5.4.0/../../../../avr/lib/avrxmega6\libm.a(fp_inf.o)
                0x000077be                __fp_inf
 .text.avr-libc.fplib
                0x000077ca        0x6 c:/program files (x86)/atmel/studio/7.0/toolchain/avr8/avr8-gnu-toolchain/bin/../lib/gcc/avr/5.4.0/../../../../avr/lib/avrxmega6\libm.a(fp_nan.o)
                0x000077ca                __fp_nan
 .text.avr-libc.fplib
                0x000077d0       0x20 c:/program files (x86)/atmel/studio/7.0/toolchain/avr8/avr8-gnu-toolchain/bin/../lib/gcc/avr/5.4.0/../../../../avr/lib/avrxmega6\libm.a(fp_negdi.o)
                0x000077d0                __fp_negdi
 .text.avr-libc.fplib
                0x000077f0        0xe c:/program files (x86)/atmel/studio/7.0/toolchain/avr8/avr8-gnu-toolchain/bin/../lib/gcc/avr/5.4.0/../../../../avr/lib/avrxmega6\libm.a(fp_pscA.o)
                0x000077f0                __fp_pscA
 .text.avr-libc.fplib
                0x000077fe        0xe c:/program files (x86)/atmel/studio/7.0/toolchain/avr8/avr8-gnu-toolchain/bin/../lib/gcc/avr/5.4.0/../../../../avr/lib/avrxmega6\libm.a(fp_pscB.o)
                0x000077fe                __fp_pscB
 .text.avr-libc.fplib
                0x0000780c       0x22 c:/program files (x86)/atmel/studio/7.0/toolchain/avr8/avr8-gnu-toolchain/bin/../lib/gcc/avr/5.4.0/../../../../avr/lib/avrxmega6\libm.a(fp_round.o)
                0x0000780c                __fp_round
 .text.avr-libc.fplib
                0x0000782e       0x44 c:/program files (x86)/atmel/studio/7.0/toolchain/avr8/avr8-gnu-toolchain/bin/../lib/gcc/avr/5.4.0/../../../../avr/lib/avrxmega6\libm.a(fp_split3.o)
                0x0000782e                __fp_split3
                0x0000783e                __fp_splitA
 .text.avr-libc.fplib
                0x00007872        0xe c:/program files (x86)/atmel/studio/7.0/toolchain/avr8/avr8-gnu-toolchain/bin/../lib/gcc/avr/5.4.0/../../../../avr/lib/avrxmega6\libm.a(fp_zero.o)
                0x00007872                __fp_zero
                0x00007874                __fp_szero
 .text.avr-libc.fplib
                0x00007880        0x8 c:/program files (x86)/atmel/studio/7.0/toolchain/avr8/avr8-gnu-toolchain/bin/../lib/gcc/avr/5.4.0/../../../../avr/lib/avrxmega6\libm.a(gesf2.o)
                0x00007880                __gesf2
                0x00007880                __gtsf2
 .text.avr-libc.fplib
                0x00007888        0x4 c:/program files (x86)/atmel/studio/7.0/toolchain/avr8/avr8-gnu-toolchain/bin/../lib/gcc/avr/5.4.0/../../../../avr/lib/avrxmega6\libm.a(mulsf3.o)
                0x00007888                __mulsf3
 .text.avr-libc.fplib
                0x0000788c       0xc2 c:/program files (x86)/atmel/studio/7.0/toolchain/avr8/avr8-gnu-toolchain/bin/../lib/gcc/avr/5.4.0/../../../../avr/lib/avrxmega6\libm.a(mulsf3x.o)
                0x000078a0                __mulsf3x
                0x000078a4                __mulsf3_pse
 .text.libgcc.mul
                0x0000794e       0x1e c:/program files (x86)/atmel/studio/7.0/toolchain/avr8/avr8-gnu-toolchain/bin/../lib/gcc/avr/5.4.0/avrxmega6\libgcc.a(_mulsi3.o)
                0x0000794e                __mulsi3
 .text.libgcc.div
                0x0000796c       0x28 c:/program files (x86)/atmel/studio/7.0/toolchain/avr8/avr8-gnu-toolchain/bin/../lib/gcc/avr/5.4.0/avrxmega6\libgcc.a(_udivmodhi4.o)
                0x0000796c                __udivmodhi4
 .text.libgcc.div
                0x00007994       0x44 c:/program files (x86)/atmel/studio/7.0/toolchain/avr8/avr8-gnu-toolchain/bin/../lib/gcc/avr/5.4.0/avrxmega6\libgcc.a(_udivmodsi4.o)
                0x00007994                __udivmodsi4
 .text.libgcc   0x000079d8       0x10 c:/program files (x86)/atmel/studio/7.0/toolchain/avr8/avr8-gnu-toolchain/bin/../lib/gcc/avr/5.4.0/avrxmega6\libgcc.a(_tablejump2.o)
                0x000079d8                __tablejump2__
 .text.libgcc.mul
                0x000079e8       0x14 c:/program files (x86)/atmel/studio/7.0/toolchain/avr8/avr8-gnu-toolchain/bin/../lib/gcc/avr/5.4.0/avrxmega6\libgcc.a(_muluhisi3.o)
                0x000079e8                __muluhisi3
 .text.libgcc.builtins
                0x000079fc       0x32 c:/program files (x86)/atmel/studio/7.0/toolchain/avr8/avr8-gnu-toolchain/bin/../lib/gcc/avr/5.4.0/avrxmega6\libgcc.a(_ashldi3.o)
                0x000079fc                __ashldi3
 .text.libgcc   0x00007a2e       0x12 c:/program files (x86)/atmel/studio/7.0/toolchain/avr8/avr8-gnu-toolchain/bin/../lib/gcc/avr/5.4.0/avrxmega6\libgcc.a(_adddi3.o)
                0x00007a2e                __adddi3
 .text.libgcc   0x00007a40       0x12 c:/program files (x86)/atmel/studio/7.0/toolchain/avr8/avr8-gnu-toolchain/bin/../lib/gcc/avr/5.4.0/avrxmega6\libgcc.a(_subdi3.o)
                0x00007a40                __subdi3
 .text.libgcc.mul
                0x00007a52       0x1e c:/program files (x86)/atmel/studio/7.0/toolchain/avr8/avr8-gnu-toolchain/bin/../lib/gcc/avr/5.4.0/avrxmega6\libgcc.a(_umulhisi3.o)
                0x00007a52                __umulhisi3
 .text.avr-libc
                0x00007a70      0x256 c:/program files (x86)/atmel/studio/7.0/toolchain/avr8/avr8-gnu-toolchain/bin/../lib/gcc/avr/5.4.0/../../../../avr/lib/avrxmega6\libc.a(strtol.o)
                0x00007a70                strtol
 .text.avr-libc
                0x00007cc6       0x10 c:/program files (x86)/atmel/studio/7.0/toolchain/avr8/avr8-gnu-toolchain/bin/../lib/gcc/avr/5.4.0/../../../../avr/lib/avrxmega6\libc.a(isspace.o)
                0x00007cc6                isspace
 .text.avr-libc
                0x00007cd6       0x12 c:/program files (x86)/atmel/studio/7.0/toolchain/avr8/avr8-gnu-toolchain/bin/../lib/gcc/avr/5.4.0/../../../../avr/lib/avrxmega6\libc.a(memcpy.o)
                0x00007cd6                memcpy
 .text.avr-libc
                0x00007ce8        0xe c:/program files (x86)/atmel/studio/7.0/toolchain/avr8/avr8-gnu-toolchain/bin/../lib/gcc/avr/5.4.0/../../../../avr/lib/avrxmega6\libc.a(memset.o)
                0x00007ce8                memset
 .text.avr-libc
                0x00007cf6       0x1e c:/program files (x86)/atmel/studio/7.0/toolchain/avr8/avr8-gnu-toolchain/bin/../lib/gcc/avr/5.4.0/../../../../avr/lib/avrxmega6\libc.a(strncpy.o)
                0x00007cf6                strncpy
 .text.avr-libc
                0x00007d14       0x50 c:/program files (x86)/atmel/studio/7.0/toolchain/avr8/avr8-gnu-toolchain/bin/../lib/gcc/avr/5.4.0/../../../../avr/lib/avrxmega6\libc.a(sprintf.o)
                0x00007d14                sprintf
 .text.avr-libc
                0x00007d64      0x3ee c:/program files (x86)/atmel/studio/7.0/toolchain/avr8/avr8-gnu-toolchain/bin/../lib/gcc/avr/5.4.0/../../../../avr/lib/avrxmega6\libc.a(vfprintf_std.o)
                0x00007d64                vfprintf
 .text.avr-libc
                0x00008152        0x6 c:/program files (x86)/atmel/studio/7.0/toolchain/avr8/avr8-gnu-toolchain/bin/../lib/gcc/avr/5.4.0/../../../../avr/lib/avrxmega6\libc.a(cty_isfalse.o)
                0x00008152                __ctype_isfalse
                0x00008156                __ctype_istrue
 .text.avr-libc
                0x00008158       0x16 c:/program files (x86)/atmel/studio/7.0/toolchain/avr8/avr8-gnu-toolchain/bin/../lib/gcc/avr/5.4.0/../../../../avr/lib/avrxmega6\libc.a(strnlen_P.o)
                0x00008158                strnlen_P
 .text.avr-libc
                0x0000816e       0x16 c:/program files (x86)/atmel/studio/7.0/toolchain/avr8/avr8-gnu-toolchain/bin/../lib/gcc/avr/5.4.0/../../../../avr/lib/avrxmega6\libc.a(strnlen.o)
                0x0000816e                strnlen
 .text.avr-libc
                0x00008184       0x78 c:/program files (x86)/atmel/studio/7.0/toolchain/avr8/avr8-gnu-toolchain/bin/../lib/gcc/avr/5.4.0/../../../../avr/lib/avrxmega6\libc.a(fputc.o)
                0x00008184                fputc
 .text.avr-libc
                0x000081fc       0xbc c:/program files (x86)/atmel/studio/7.0/toolchain/avr8/avr8-gnu-toolchain/bin/../lib/gcc/avr/5.4.0/../../../../avr/lib/avrxmega6\libc.a(ultoa_invert.o)
                0x000081fc                __ultoa_invert
                0x000082b8                . = ALIGN (0x2)
 *(.fini9)
 .fini9         0x000082b8        0x0 c:/program files (x86)/atmel/studio/7.0/toolchain/avr8/avr8-gnu-toolchain/bin/../lib/gcc/avr/5.4.0/avrxmega6\libgcc.a(_exit.o)
                0x000082b8                _exit
                0x000082b8                exit
 *(.fini9)
 *(.fini8)
 *(.fini8)
 *(.fini7)
 *(.fini7)
 *(.fini6)
 *(.fini6)
 *(.fini5)
 *(.fini5)
 *(.fini4)
 *(.fini4)
 *(.fini3)
 *(.fini3)
 *(.fini2)
 *(.fini2)
 *(.fini1)
 *(.fini1)
 *(.fini0)
 .fini0         0x000082b8        0x4 c:/program files (x86)/atmel/studio/7.0/toolchain/avr8/avr8-gnu-toolchain/bin/../lib/gcc/avr/5.4.0/avrxmega6\libgcc.a(_exit.o)
 *(.fini0)
                0x000082bc                _etext = .

.data           0x00802000      0x23e load address 0x000082bc
                0x00802000                PROVIDE (__data_start, .)
 *(.data)
 *(.data*)
 .data.USART_SERIAL_OPTIONS.6783
                0x00802000        0x7 src/main.o
 .data.LCD_SERIAL_OPTIONS.6784
                0x00802007        0x7 src/main.o
 .data.sleepmgr_configs
                0x0080200e        0x6 src/ASF/common/services/sleepmgr/xmega/sleepmgr.o
                0x0080200e                sleepmgr_configs
 .data.udi_api_cdc_comm
                0x00802014        0xa src/ASF/common/services/usb/class/cdc/device/udi_cdc.o
                0x00802014                udi_api_cdc_comm
 .data.udi_api_cdc_data
                0x0080201e        0xa src/ASF/common/services/usb/class/cdc/device/udi_cdc.o
                0x0080201e                udi_api_cdc_data
 .data.udc_device_desc
                0x00802028       0x12 src/ASF/common/services/usb/class/cdc/device/udi_cdc_desc.o
                0x00802028                udc_device_desc
 .data.udc_desc_fs
                0x0080203a       0x44 src/ASF/common/services/usb/class/cdc/device/udi_cdc_desc.o
                0x0080203a                udc_desc_fs
 .data.udi_apis
                0x0080207e        0x4 src/ASF/common/services/usb/class/cdc/device/udi_cdc_desc.o
                0x0080207e                udi_apis
 .data.udc_config_fs
                0x00802082        0x4 src/ASF/common/services/usb/class/cdc/device/udi_cdc_desc.o
                0x00802082                udc_config_fs
 .data.udc_config
                0x00802086        0x4 src/ASF/common/services/usb/class/cdc/device/udi_cdc_desc.o
                0x00802086                udc_config
 .data.udc_string_desc_languageid
                0x0080208a        0x4 src/ASF/common/services/usb/udc/udc.o
 .data.udc_string_manufacturer_name
                0x0080208e        0x8 src/ASF/common/services/usb/udc/udc.o
 .data.udc_string_product_name
                0x00802096       0x1e src/ASF/common/services/usb/udc/udc.o
 .data.udc_string_desc
                0x008020b4       0x3c src/ASF/common/services/usb/udc/udc.o
 *(.gnu.linkonce.d*)
 *(.rodata)
 *(.rodata*)
 .rodata.str1.1
                0x008020f0        0x7 src/usb_cdc_interface.o
 .rodata.str1.1
                0x008020f7      0x147 src/main.o
                                0x150 (size before relaxing)
 *(.gnu.linkonce.r*)
                0x0080223e                . = ALIGN (0x2)
                0x0080223e                _edata = .
                0x0080223e                PROVIDE (__data_end, .)

.bss            0x0080223e      0x726
                0x0080223e                PROVIDE (__bss_start, .)
 *(.bss)
 *(.bss*)
 .bss.tc_tcc0_ovf_callback
                0x0080223e        0x2 src/ASF/xmega/drivers/tc/tc.o
 .bss.tc_tcc0_err_callback
                0x00802240        0x2 src/ASF/xmega/drivers/tc/tc.o
 .bss.tc_tcc0_cca_callback
                0x00802242        0x2 src/ASF/xmega/drivers/tc/tc.o
 .bss.tc_tcc0_ccb_callback
                0x00802244        0x2 src/ASF/xmega/drivers/tc/tc.o
 .bss.tc_tcc0_ccc_callback
                0x00802246        0x2 src/ASF/xmega/drivers/tc/tc.o
 .bss.tc_tcc0_ccd_callback
                0x00802248        0x2 src/ASF/xmega/drivers/tc/tc.o
 .bss.tc_tcc1_ovf_callback
                0x0080224a        0x2 src/ASF/xmega/drivers/tc/tc.o
 .bss.tc_tcc1_err_callback
                0x0080224c        0x2 src/ASF/xmega/drivers/tc/tc.o
 .bss.tc_tcc1_cca_callback
                0x0080224e        0x2 src/ASF/xmega/drivers/tc/tc.o
 .bss.tc_tcc1_ccb_callback
                0x00802250        0x2 src/ASF/xmega/drivers/tc/tc.o
 .bss.tc_tcd0_ovf_callback
                0x00802252        0x2 src/ASF/xmega/drivers/tc/tc.o
 .bss.tc_tcd0_err_callback
                0x00802254        0x2 src/ASF/xmega/drivers/tc/tc.o
 .bss.tc_tcd0_cca_callback
                0x00802256        0x2 src/ASF/xmega/drivers/tc/tc.o
 .bss.tc_tcd0_ccb_callback
                0x00802258        0x2 src/ASF/xmega/drivers/tc/tc.o
 .bss.tc_tcd0_ccc_callback
                0x0080225a        0x2 src/ASF/xmega/drivers/tc/tc.o
 .bss.tc_tcd0_ccd_callback
                0x0080225c        0x2 src/ASF/xmega/drivers/tc/tc.o
 .bss.tc_tcd1_ovf_callback
                0x0080225e        0x2 src/ASF/xmega/drivers/tc/tc.o
 .bss.tc_tcd1_err_callback
                0x00802260        0x2 src/ASF/xmega/drivers/tc/tc.o
 .bss.tc_tcd1_cca_callback
                0x00802262        0x2 src/ASF/xmega/drivers/tc/tc.o
 .bss.tc_tcd1_ccb_callback
                0x00802264        0x2 src/ASF/xmega/drivers/tc/tc.o
 .bss.tc_tce0_ovf_callback
                0x00802266        0x2 src/ASF/xmega/drivers/tc/tc.o
 .bss.tc_tce0_err_callback
                0x00802268        0x2 src/ASF/xmega/drivers/tc/tc.o
 .bss.tc_tce0_cca_callback
                0x0080226a        0x2 src/ASF/xmega/drivers/tc/tc.o
 .bss.tc_tce0_ccb_callback
                0x0080226c        0x2 src/ASF/xmega/drivers/tc/tc.o
 .bss.tc_tce0_ccc_callback
                0x0080226e        0x2 src/ASF/xmega/drivers/tc/tc.o
 .bss.tc_tce0_ccd_callback
                0x00802270        0x2 src/ASF/xmega/drivers/tc/tc.o
 .bss.tc_tce1_ovf_callback
                0x00802272        0x2 src/ASF/xmega/drivers/tc/tc.o
 .bss.tc_tce1_err_callback
                0x00802274        0x2 src/ASF/xmega/drivers/tc/tc.o
 .bss.tc_tce1_cca_callback
                0x00802276        0x2 src/ASF/xmega/drivers/tc/tc.o
 .bss.tc_tce1_ccb_callback
                0x00802278        0x2 src/ASF/xmega/drivers/tc/tc.o
 .bss.tc_tcf0_ovf_callback
                0x0080227a        0x2 src/ASF/xmega/drivers/tc/tc.o
 .bss.tc_tcf0_err_callback
                0x0080227c        0x2 src/ASF/xmega/drivers/tc/tc.o
 .bss.tc_tcf0_cca_callback
                0x0080227e        0x2 src/ASF/xmega/drivers/tc/tc.o
 .bss.tc_tcf0_ccb_callback
                0x00802280        0x2 src/ASF/xmega/drivers/tc/tc.o
 .bss.tc_tcf0_ccc_callback
                0x00802282        0x2 src/ASF/xmega/drivers/tc/tc.o
 .bss.tc_tcf0_ccd_callback
                0x00802284        0x2 src/ASF/xmega/drivers/tc/tc.o
 .bss.main_b_cdc_enable
                0x00802286        0x1 src/main.o
 .bss.main_port_open
                0x00802287        0x1 src/main.o
 .bss.pwm1      0x00802288        0x4 src/main.o
                0x00802288                pwm1
 .bss.pwm2      0x0080228c        0x4 src/main.o
                0x0080228c                pwm2
 .bss.percent   0x00802290        0x4 src/main.o
                0x00802290                percent
 .bss.percentCompensated
                0x00802294        0x4 src/main.o
                0x00802294                percentCompensated
 .bss.udi_cdc_line_coding
                0x00802298        0x7 src/ASF/common/services/usb/class/cdc/device/udi_cdc.o
 .bss.udi_cdc_state
                0x0080229f        0x2 src/ASF/common/services/usb/class/cdc/device/udi_cdc.o
 *fill*         0x008022a1        0x1 
 .bss.uid_cdc_state_msg
                0x008022a2        0xa src/ASF/common/services/usb/class/cdc/device/udi_cdc.o
 .bss.udi_cdc_nb_comm_enabled
                0x008022ac        0x1 src/ASF/common/services/usb/class/cdc/device/udi_cdc.o
 .bss.udi_cdc_nb_data_enabled
                0x008022ad        0x1 src/ASF/common/services/usb/class/cdc/device/udi_cdc.o
 .bss.udi_cdc_data_running
                0x008022ae        0x1 src/ASF/common/services/usb/class/cdc/device/udi_cdc.o
 *fill*         0x008022af        0x1 
 .bss.udi_cdc_rx_buf
                0x008022b0      0x280 src/ASF/common/services/usb/class/cdc/device/udi_cdc.o
 .bss.udi_cdc_rx_buf_nb
                0x00802530        0x4 src/ASF/common/services/usb/class/cdc/device/udi_cdc.o
 .bss.udi_cdc_rx_buf_sel
                0x00802534        0x1 src/ASF/common/services/usb/class/cdc/device/udi_cdc.o
 .bss.udi_cdc_rx_pos
                0x00802535        0x2 src/ASF/common/services/usb/class/cdc/device/udi_cdc.o
 .bss.udi_cdc_rx_trans_ongoing
                0x00802537        0x1 src/ASF/common/services/usb/class/cdc/device/udi_cdc.o
 .bss.udi_cdc_tx_buf
                0x00802538      0x280 src/ASF/common/services/usb/class/cdc/device/udi_cdc.o
 .bss.udi_cdc_tx_buf_nb
                0x008027b8        0x4 src/ASF/common/services/usb/class/cdc/device/udi_cdc.o
 .bss.udi_cdc_tx_buf_sel
                0x008027bc        0x1 src/ASF/common/services/usb/class/cdc/device/udi_cdc.o
 .bss.udi_cdc_tx_sof_num
                0x008027bd        0x2 src/ASF/common/services/usb/class/cdc/device/udi_cdc.o
 .bss.udi_cdc_tx_trans_ongoing
                0x008027bf        0x1 src/ASF/common/services/usb/class/cdc/device/udi_cdc.o
 .bss.udi_cdc_tx_both_buf_to_send
                0x008027c0        0x1 src/ASF/common/services/usb/class/cdc/device/udi_cdc.o
 .bss.port_notify.4983
                0x008027c1        0x1 src/ASF/common/services/usb/class/cdc/device/udi_cdc.o
 .bss.sof_zlp_counter.5053
                0x008027c2        0x2 src/ASF/common/services/usb/class/cdc/device/udi_cdc.o
 .bss.udc_device_status
                0x008027c4        0x2 src/ASF/common/services/usb/udc/udc.o
 .bss.udc_num_configuration
                0x008027c6        0x1 src/ASF/common/services/usb/udc/udc.o
 .bss.udc_ptr_conf
                0x008027c7        0x2 src/ASF/common/services/usb/udc/udc.o
 .bss.udc_ptr_iface
                0x008027c9        0x2 src/ASF/common/services/usb/udc/udc.o
 .bss.udc_ep_status.4750
                0x008027cb        0x2 src/ASF/common/services/usb/udc/udc.o
 .bss.udc_iface_setting.4808
                0x008027cd        0x1 src/ASF/common/services/usb/udc/udc.o
 .bss.udd_b_idle
                0x008027ce        0x1 src/ASF/xmega/drivers/usb/usb_device.o
 *fill*         0x008027cf        0x1 
 .bss.udd_sram  0x008027d0       0x40 src/ASF/xmega/drivers/usb/usb_device.o
 .bss.udd_ep_control_state
                0x00802810        0x1 src/ASF/xmega/drivers/usb/usb_device.o
 .bss.udd_ctrl_prev_payload_nb_trans
                0x00802811        0x2 src/ASF/xmega/drivers/usb/usb_device.o
 .bss.udd_ctrl_payload_nb_trans
                0x00802813        0x2 src/ASF/xmega/drivers/usb/usb_device.o
 .bss.udd_ctrl_buffer
                0x00802815       0x40 src/ASF/xmega/drivers/usb/usb_device.o
 .bss.udd_ep_job
                0x00802855       0x24 src/ASF/xmega/drivers/usb/usb_device.o
 .bss.udd_ep_out_cache_buffer
                0x00802879       0x80 src/ASF/xmega/drivers/usb/usb_device.o
 .bss.b_shortpacket.5460
                0x008028f9        0x1 src/ASF/xmega/drivers/usb/usb_device.o
 *(COMMON)
 COMMON         0x008028fa        0x4 src/ASF/xmega/drivers/adc/adc.o
                0x008028fa                adcb_callback
                0x008028fc                adca_callback
 COMMON         0x008028fe       0x3e src/ASF/xmega/services/pwm/pwm.o
                0x008028fe                data_count
                0x008028ff                command_in
                0x0080291d                data_in
                0x0080293b                command_ready
 COMMON         0x0080293c       0x10 src/main.o
                0x0080293c                pwm_cfg_B
                0x00802943                verbose
                0x00802944                pwm_cfg_A
                0x0080294b                tc_display_enable
 COMMON         0x0080294c        0x6 src/ASF/common/services/sleepmgr/xmega/sleepmgr.o
                0x0080294c                sleepmgr_locks
 COMMON         0x00802952       0x10 src/ASF/xmega/drivers/usb/usb_device.o
                0x00802952                udd_g_ctrlreq
 COMMON         0x00802962        0x2 c:/program files (x86)/atmel/studio/7.0/toolchain/avr8/avr8-gnu-toolchain/bin/../lib/gcc/avr/5.4.0/../../../../avr/lib/avrxmega6\libc.a(errno.o)
                0x00802962                errno
                0x00802964                PROVIDE (__bss_end, .)
                0x000082bc                __data_load_start = LOADADDR (.data)
                0x000084fa                __data_load_end = (__data_load_start + SIZEOF (.data))

.noinit         0x00802964        0x0
                [!provide]                PROVIDE (__noinit_start, .)
 *(.noinit*)
                [!provide]                PROVIDE (__noinit_end, .)
                0x00802964                _end = .
                [!provide]                PROVIDE (__heap_start, .)

.eeprom         0x00810000        0x0
 *(.eeprom*)
                0x00810000                __eeprom_end = .

.fuse
 *(.fuse)
 *(.lfuse)
 *(.hfuse)
 *(.efuse)

.lock
 *(.lock*)

.signature
 *(.signature*)

.user_signatures
 *(.user_signatures*)

.stab
 *(.stab)

.stabstr
 *(.stabstr)

.stab.excl
 *(.stab.excl)

.stab.exclstr
 *(.stab.exclstr)

.stab.index
 *(.stab.index)

.stab.indexstr
 *(.stab.indexstr)

.comment        0x00000000       0x5c
 *(.comment)
 .comment       0x00000000       0x30 src/ASF/xmega/drivers/adc/adc.o
                                 0x31 (size before relaxing)
 .comment       0x00000030       0x31 src/ASF/xmega/drivers/adc/xmega_aau/adc_aau.o
 .comment       0x00000030       0x31 src/ASF/xmega/services/pwm/pwm.o
 .comment       0x00000030       0x31 src/usb_cdc_interface.o
 .comment       0x00000030       0x31 src/ASF/xmega/drivers/tc/tc.o
 .comment       0x00000030       0x31 src/ASF/xmega/drivers/usart/usart.o
 .comment       0x00000030       0x31 src/Config/init.o
 .comment       0x00000030       0x31 src/main.o
 .comment       0x00000030       0x31 src/ASF/common/services/clock/xmega/sysclk.o
 .comment       0x00000030       0x31 src/ASF/common/services/ioport/xmega/ioport_compat.o
 .comment       0x00000030       0x31 src/ASF/common/services/sleepmgr/xmega/sleepmgr.o
 .comment       0x00000030       0x31 src/ASF/common/services/usb/class/cdc/device/udi_cdc.o
 .comment       0x00000030       0x31 src/ASF/common/services/usb/class/cdc/device/udi_cdc_desc.o
 .comment       0x00000030       0x31 src/ASF/common/services/usb/udc/udc.o
 .comment       0x00000030       0x31 src/ASF/xmega/drivers/usb/usb_device.o
 .comment       0x00000030       0x31 c:/program files (x86)/atmel/studio/7.0/toolchain/avr8/avr8-gnu-toolchain/bin/../lib/gcc/avr/5.4.0/../../../../avr/lib/avrxmega6\libc.a(strtol.o)
 .comment       0x00000030       0x31 c:/program files (x86)/atmel/studio/7.0/toolchain/avr8/avr8-gnu-toolchain/bin/../lib/gcc/avr/5.4.0/../../../../avr/lib/avrxmega6\libc.a(sprintf.o)
 .comment       0x00000030       0x2c c:/program files (x86)/atmel/studio/7.0/toolchain/avr8/avr8-gnu-toolchain/bin/../lib/gcc/avr/5.4.0/../../../../avr/lib/avrxmega6\libc.a(vfprintf_std.o)
                                 0x2d (size before relaxing)
 .comment       0x0000005c       0x2d c:/program files (x86)/atmel/studio/7.0/toolchain/avr8/avr8-gnu-toolchain/bin/../lib/gcc/avr/5.4.0/../../../../avr/lib/avrxmega6\libc.a(errno.o)
 .comment       0x0000005c       0x31 c:/program files (x86)/atmel/studio/7.0/toolchain/avr8/avr8-gnu-toolchain/bin/../lib/gcc/avr/5.4.0/../../../../avr/lib/avrxmega6\libc.a(fputc.o)

.note.gnu.avr.deviceinfo
                0x00000000       0x44
 .note.gnu.avr.deviceinfo
                0x00000000       0x44 C:/Program Files (x86)/Atmel/Studio/7.0/Packs/atmel/XMEGAA_DFP/1.1.68/gcc/dev/atxmega256a3bu/avrxmega6/crtatxmega256a3bu.o

.note.gnu.build-id
 *(.note.gnu.build-id)

.debug
 *(.debug)

.line
 *(.line)

.debug_srcinfo
 *(.debug_srcinfo)

.debug_sfnames
 *(.debug_sfnames)

.debug_aranges  0x00000000      0xad8
 *(.debug_aranges)
 .debug_aranges
                0x00000000       0x68 src/ASF/xmega/drivers/adc/adc.o
 .debug_aranges
                0x00000068       0x98 src/ASF/xmega/drivers/adc/xmega_aau/adc_aau.o
 .debug_aranges
                0x00000100       0x88 src/ASF/xmega/services/pwm/pwm.o
 .debug_aranges
                0x00000188       0x60 src/usb_cdc_interface.o
 .debug_aranges
                0x000001e8      0x198 src/ASF/xmega/drivers/tc/tc.o
 .debug_aranges
                0x00000380       0xd8 src/ASF/xmega/drivers/usart/usart.o
 .debug_aranges
                0x00000458       0x28 src/Config/init.o
 .debug_aranges
                0x00000480      0x118 src/main.o
 .debug_aranges
                0x00000598       0xa0 src/ASF/common/services/clock/xmega/sysclk.o
 .debug_aranges
                0x00000638       0x20 src/ASF/xmega/drivers/cpu/ccp.o
 .debug_aranges
                0x00000658       0x28 src/ASF/xmega/drivers/nvm/nvm_asm.o
 .debug_aranges
                0x00000680       0x20 src/ASF/common/services/ioport/xmega/ioport_compat.o
 .debug_aranges
                0x000006a0       0x18 src/ASF/common/services/sleepmgr/xmega/sleepmgr.o
 .debug_aranges
                0x000006b8      0x180 src/ASF/common/services/usb/class/cdc/device/udi_cdc.o
 .debug_aranges
                0x00000838       0x18 src/ASF/common/services/usb/class/cdc/device/udi_cdc_desc.o
 .debug_aranges
                0x00000850       0xf8 src/ASF/common/services/usb/udc/udc.o
 .debug_aranges
                0x00000948      0x190 src/ASF/xmega/drivers/usb/usb_device.o

.debug_pubnames
 *(.debug_pubnames)

.debug_info     0x00000000    0x10ccb
 *(.debug_info .gnu.linkonce.wi.*)
 .debug_info    0x00000000     0x3379 C:/Program Files (x86)/Atmel/Studio/7.0/Packs/atmel/XMEGAA_DFP/1.1.68/gcc/dev/atxmega256a3bu/avrxmega6/crtatxmega256a3bu.o
 .debug_info    0x00003379      0x8a0 src/ASF/xmega/drivers/adc/adc.o
 .debug_info    0x00003c19      0xc83 src/ASF/xmega/drivers/adc/xmega_aau/adc_aau.o
 .debug_info    0x0000489c     0x147c src/ASF/xmega/services/pwm/pwm.o
 .debug_info    0x00005d18      0x51c src/usb_cdc_interface.o
 .debug_info    0x00006234     0x14fc src/ASF/xmega/drivers/tc/tc.o
 .debug_info    0x00007730     0x26d2 src/ASF/xmega/drivers/usart/usart.o
 .debug_info    0x00009e02      0x61a src/Config/init.o
 .debug_info    0x0000a41c     0x21e9 src/main.o
 .debug_info    0x0000c605      0x863 src/ASF/common/services/clock/xmega/sysclk.o
 .debug_info    0x0000ce68       0x7d src/ASF/xmega/drivers/cpu/ccp.o
 .debug_info    0x0000cee5       0x7d src/ASF/xmega/drivers/nvm/nvm_asm.o
 .debug_info    0x0000cf62      0x119 src/ASF/common/services/ioport/xmega/ioport_compat.o
 .debug_info    0x0000d07b      0x129 src/ASF/common/services/sleepmgr/xmega/sleepmgr.o
 .debug_info    0x0000d1a4     0x10c0 src/ASF/common/services/usb/class/cdc/device/udi_cdc.o
 .debug_info    0x0000e264      0x7b9 src/ASF/common/services/usb/class/cdc/device/udi_cdc_desc.o
 .debug_info    0x0000ea1d      0xcda src/ASF/common/services/usb/udc/udc.o
 .debug_info    0x0000f6f7     0x15d4 src/ASF/xmega/drivers/usb/usb_device.o

.debug_abbrev   0x00000000     0x5196
 *(.debug_abbrev)
 .debug_abbrev  0x00000000     0x30c4 C:/Program Files (x86)/Atmel/Studio/7.0/Packs/atmel/XMEGAA_DFP/1.1.68/gcc/dev/atxmega256a3bu/avrxmega6/crtatxmega256a3bu.o
 .debug_abbrev  0x000030c4      0x236 src/ASF/xmega/drivers/adc/adc.o
 .debug_abbrev  0x000032fa      0x2db src/ASF/xmega/drivers/adc/xmega_aau/adc_aau.o
 .debug_abbrev  0x000035d5      0x25c src/ASF/xmega/services/pwm/pwm.o
 .debug_abbrev  0x00003831      0x151 src/usb_cdc_interface.o
 .debug_abbrev  0x00003982      0x20a src/ASF/xmega/drivers/tc/tc.o
 .debug_abbrev  0x00003b8c      0x3ea src/ASF/xmega/drivers/usart/usart.o
 .debug_abbrev  0x00003f76      0x1a4 src/Config/init.o
 .debug_abbrev  0x0000411a      0x3a6 src/main.o
 .debug_abbrev  0x000044c0      0x1da src/ASF/common/services/clock/xmega/sysclk.o
 .debug_abbrev  0x0000469a       0x14 src/ASF/xmega/drivers/cpu/ccp.o
 .debug_abbrev  0x000046ae       0x12 src/ASF/xmega/drivers/nvm/nvm_asm.o
 .debug_abbrev  0x000046c0       0x95 src/ASF/common/services/ioport/xmega/ioport_compat.o
 .debug_abbrev  0x00004755       0x84 src/ASF/common/services/sleepmgr/xmega/sleepmgr.o
 .debug_abbrev  0x000047d9      0x2a1 src/ASF/common/services/usb/class/cdc/device/udi_cdc.o
 .debug_abbrev  0x00004a7a       0xf8 src/ASF/common/services/usb/class/cdc/device/udi_cdc_desc.o
 .debug_abbrev  0x00004b72      0x269 src/ASF/common/services/usb/udc/udc.o
 .debug_abbrev  0x00004ddb      0x3bb src/ASF/xmega/drivers/usb/usb_device.o

.debug_line     0x00000000     0xbbd5
 *(.debug_line .debug_line.* .debug_line_end)
 .debug_line    0x00000000      0x39d C:/Program Files (x86)/Atmel/Studio/7.0/Packs/atmel/XMEGAA_DFP/1.1.68/gcc/dev/atxmega256a3bu/avrxmega6/crtatxmega256a3bu.o
 .debug_line    0x0000039d      0x7b4 src/ASF/xmega/drivers/adc/adc.o
 .debug_line    0x00000b51      0xb4a src/ASF/xmega/drivers/adc/xmega_aau/adc_aau.o
 .debug_line    0x0000169b      0xdb2 src/ASF/xmega/services/pwm/pwm.o
 .debug_line    0x0000244d      0xbe4 src/usb_cdc_interface.o
 .debug_line    0x00003031      0xfe7 src/ASF/xmega/drivers/tc/tc.o
 .debug_line    0x00004018      0xe91 src/ASF/xmega/drivers/usart/usart.o
 .debug_line    0x00004ea9      0xa17 src/Config/init.o
 .debug_line    0x000058c0     0x1407 src/main.o
 .debug_line    0x00006cc7      0x88d src/ASF/common/services/clock/xmega/sysclk.o
 .debug_line    0x00007554       0x6e src/ASF/xmega/drivers/cpu/ccp.o
 .debug_line    0x000075c2      0x11f src/ASF/xmega/drivers/nvm/nvm_asm.o
 .debug_line    0x000076e1      0x4c6 src/ASF/common/services/ioport/xmega/ioport_compat.o
 .debug_line    0x00007ba7      0x457 src/ASF/common/services/sleepmgr/xmega/sleepmgr.o
 .debug_line    0x00007ffe     0x110b src/ASF/common/services/usb/class/cdc/device/udi_cdc.o
 .debug_line    0x00009109      0x534 src/ASF/common/services/usb/class/cdc/device/udi_cdc_desc.o
 .debug_line    0x0000963d      0xe51 src/ASF/common/services/usb/udc/udc.o
 .debug_line    0x0000a48e     0x1747 src/ASF/xmega/drivers/usb/usb_device.o

.debug_frame    0x00000000     0x3358
 *(.debug_frame)
 .debug_frame   0x00000000      0x154 src/ASF/xmega/drivers/adc/adc.o
 .debug_frame   0x00000154      0x454 src/ASF/xmega/drivers/adc/xmega_aau/adc_aau.o
 .debug_frame   0x000005a8      0x1e8 src/ASF/xmega/services/pwm/pwm.o
 .debug_frame   0x00000790      0x140 src/usb_cdc_interface.o
 .debug_frame   0x000008d0      0xfa4 src/ASF/xmega/drivers/tc/tc.o
 .debug_frame   0x00001874      0x358 src/ASF/xmega/drivers/usart/usart.o
 .debug_frame   0x00001bcc       0x54 src/Config/init.o
 .debug_frame   0x00001c20      0x468 src/main.o
 .debug_frame   0x00002088      0x240 src/ASF/common/services/clock/xmega/sysclk.o
 .debug_frame   0x000022c8       0x34 src/ASF/common/services/ioport/xmega/ioport_compat.o
 .debug_frame   0x000022fc      0x5ec src/ASF/common/services/usb/class/cdc/device/udi_cdc.o
 .debug_frame   0x000028e8      0x394 src/ASF/common/services/usb/udc/udc.o
 .debug_frame   0x00002c7c      0x6dc src/ASF/xmega/drivers/usb/usb_device.o

.debug_str      0x00000000    0x362b4
 *(.debug_str)
 .debug_str     0x00000000     0x21e4 C:/Program Files (x86)/Atmel/Studio/7.0/Packs/atmel/XMEGAA_DFP/1.1.68/gcc/dev/atxmega256a3bu/avrxmega6/crtatxmega256a3bu.o
 .debug_str     0x000021e4    0x27392 src/ASF/xmega/drivers/adc/adc.o
                              0x27a6e (size before relaxing)
 .debug_str     0x00029576      0x5ae src/ASF/xmega/drivers/adc/xmega_aau/adc_aau.o
                              0x27cfb (size before relaxing)
 .debug_str     0x00029b24     0x4f89 src/ASF/xmega/services/pwm/pwm.o
                              0x2c83f (size before relaxing)
 .debug_str     0x0002eaad      0x87b src/usb_cdc_interface.o
                              0x2c88f (size before relaxing)
 .debug_str     0x0002f328      0x5b0 src/ASF/xmega/drivers/tc/tc.o
                              0x27a31 (size before relaxing)
 .debug_str     0x0002f8d8      0x984 src/ASF/xmega/drivers/usart/usart.o
                              0x28399 (size before relaxing)
 .debug_str     0x0003025c       0x46 src/Config/init.o
                              0x2c15c (size before relaxing)
 .debug_str     0x000302a2      0xc8a src/main.o
                              0x2dd8a (size before relaxing)
 .debug_str     0x00030f2c      0x332 src/ASF/common/services/clock/xmega/sysclk.o
                              0x27548 (size before relaxing)
 .debug_str     0x0003125e       0x66 src/ASF/common/services/ioport/xmega/ioport_compat.o
                              0x2617e (size before relaxing)
 .debug_str     0x000312c4       0x35 src/ASF/common/services/sleepmgr/xmega/sleepmgr.o
                              0x25ec7 (size before relaxing)
 .debug_str     0x000312f9      0xd25 src/ASF/common/services/usb/class/cdc/device/udi_cdc.o
                              0x2a99c (size before relaxing)
 .debug_str     0x0003201e      0x584 src/ASF/common/services/usb/class/cdc/device/udi_cdc_desc.o
                              0x2a033 (size before relaxing)
 .debug_str     0x000325a2      0x715 src/ASF/common/services/usb/udc/udc.o
                              0x290ec (size before relaxing)
 .debug_str     0x00032cb7     0x35fd src/ASF/xmega/drivers/usb/usb_device.o
                              0x2d43b (size before relaxing)

.debug_loc      0x00000000     0x7103
 *(.debug_loc)
 .debug_loc     0x00000000      0x2cf src/ASF/xmega/drivers/adc/adc.o
 .debug_loc     0x000002cf      0xa2c src/ASF/xmega/drivers/adc/xmega_aau/adc_aau.o
 .debug_loc     0x00000cfb      0x3ed src/ASF/xmega/services/pwm/pwm.o
 .debug_loc     0x000010e8      0x291 src/usb_cdc_interface.o
 .debug_loc     0x00001379     0x2544 src/ASF/xmega/drivers/tc/tc.o
 .debug_loc     0x000038bd      0x72c src/ASF/xmega/drivers/usart/usart.o
 .debug_loc     0x00003fe9       0x82 src/Config/init.o
 .debug_loc     0x0000406b      0x94a src/main.o
 .debug_loc     0x000049b5      0x4d5 src/ASF/common/services/clock/xmega/sysclk.o
 .debug_loc     0x00004e8a       0x48 src/ASF/common/services/ioport/xmega/ioport_compat.o
 .debug_loc     0x00004ed2      0xc86 src/ASF/common/services/usb/class/cdc/device/udi_cdc.o
 .debug_loc     0x00005b58      0x71b src/ASF/common/services/usb/udc/udc.o
 .debug_loc     0x00006273      0xe90 src/ASF/xmega/drivers/usb/usb_device.o

.debug_macinfo
 *(.debug_macinfo)

.debug_weaknames
 *(.debug_weaknames)

.debug_funcnames
 *(.debug_funcnames)

.debug_typenames
 *(.debug_typenames)

.debug_varnames
 *(.debug_varnames)

.debug_pubtypes
 *(.debug_pubtypes)

.debug_ranges   0x00000000      0x9e0
 *(.debug_ranges)
 .debug_ranges  0x00000000       0x58 src/ASF/xmega/drivers/adc/adc.o
 .debug_ranges  0x00000058       0x88 src/ASF/xmega/drivers/adc/xmega_aau/adc_aau.o
 .debug_ranges  0x000000e0       0x78 src/ASF/xmega/services/pwm/pwm.o
 .debug_ranges  0x00000158       0x50 src/usb_cdc_interface.o
 .debug_ranges  0x000001a8      0x188 src/ASF/xmega/drivers/tc/tc.o
 .debug_ranges  0x00000330       0xf8 src/ASF/xmega/drivers/usart/usart.o
 .debug_ranges  0x00000428       0x18 src/Config/init.o
 .debug_ranges  0x00000440      0x108 src/main.o
 .debug_ranges  0x00000548       0x90 src/ASF/common/services/clock/xmega/sysclk.o
 .debug_ranges  0x000005d8       0x20 src/ASF/xmega/drivers/nvm/nvm_asm.o
 .debug_ranges  0x000005f8       0x10 src/ASF/common/services/ioport/xmega/ioport_compat.o
 .debug_ranges  0x00000608      0x170 src/ASF/common/services/usb/class/cdc/device/udi_cdc.o
 .debug_ranges  0x00000778       0xe8 src/ASF/common/services/usb/udc/udc.o
 .debug_ranges  0x00000860      0x180 src/ASF/xmega/drivers/usb/usb_device.o

.debug_macro    0x00000000     0xc90d
 *(.debug_macro)
 .debug_macro   0x00000000      0x23f src/ASF/xmega/drivers/adc/adc.o
 .debug_macro   0x0000023f      0xa96 src/ASF/xmega/drivers/adc/adc.o
 .debug_macro   0x00000cd5       0x10 src/ASF/xmega/drivers/adc/adc.o
 .debug_macro   0x00000ce5      0x1c9 src/ASF/xmega/drivers/adc/adc.o
 .debug_macro   0x00000eae      0x2fc src/ASF/xmega/drivers/adc/adc.o
 .debug_macro   0x000011aa       0x9e src/ASF/xmega/drivers/adc/adc.o
 .debug_macro   0x00001248     0x6271 src/ASF/xmega/drivers/adc/adc.o
 .debug_macro   0x000074b9       0x9a src/ASF/xmega/drivers/adc/adc.o
 .debug_macro   0x00007553       0xf1 src/ASF/xmega/drivers/adc/adc.o
 .debug_macro   0x00007644       0x34 src/ASF/xmega/drivers/adc/adc.o
 .debug_macro   0x00007678       0x16 src/ASF/xmega/drivers/adc/adc.o
 .debug_macro   0x0000768e       0x18 src/ASF/xmega/drivers/adc/adc.o
 .debug_macro   0x000076a6       0x5e src/ASF/xmega/drivers/adc/adc.o
 .debug_macro   0x00007704       0x10 src/ASF/xmega/drivers/adc/adc.o
 .debug_macro   0x00007714       0x22 src/ASF/xmega/drivers/adc/adc.o
 .debug_macro   0x00007736      0x16d src/ASF/xmega/drivers/adc/adc.o
 .debug_macro   0x000078a3       0x1c src/ASF/xmega/drivers/adc/adc.o
 .debug_macro   0x000078bf       0x35 src/ASF/xmega/drivers/adc/adc.o
 .debug_macro   0x000078f4       0x66 src/ASF/xmega/drivers/adc/adc.o
 .debug_macro   0x0000795a      0x2bd src/ASF/xmega/drivers/adc/adc.o
 .debug_macro   0x00007c17       0x97 src/ASF/xmega/drivers/adc/adc.o
 .debug_macro   0x00007cae       0x17 src/ASF/xmega/drivers/adc/adc.o
 .debug_macro   0x00007cc5      0x250 src/ASF/xmega/drivers/adc/adc.o
 .debug_macro   0x00007f15       0x76 src/ASF/xmega/drivers/adc/adc.o
 .debug_macro   0x00007f8b       0x16 src/ASF/xmega/drivers/adc/adc.o
 .debug_macro   0x00007fa1      0x6e0 src/ASF/xmega/drivers/adc/adc.o
 .debug_macro   0x00008681       0x10 src/ASF/xmega/drivers/adc/adc.o
 .debug_macro   0x00008691      0x175 src/ASF/xmega/drivers/adc/adc.o
 .debug_macro   0x00008806       0x40 src/ASF/xmega/drivers/adc/adc.o
 .debug_macro   0x00008846       0x69 src/ASF/xmega/drivers/adc/adc.o
 .debug_macro   0x000088af       0x32 src/ASF/xmega/drivers/adc/adc.o
 .debug_macro   0x000088e1       0xe4 src/ASF/xmega/drivers/adc/adc.o
 .debug_macro   0x000089c5       0x10 src/ASF/xmega/drivers/adc/adc.o
 .debug_macro   0x000089d5       0x20 src/ASF/xmega/drivers/adc/adc.o
 .debug_macro   0x000089f5       0x10 src/ASF/xmega/drivers/adc/adc.o
 .debug_macro   0x00008a05       0x42 src/ASF/xmega/drivers/adc/adc.o
 .debug_macro   0x00008a47       0x2e src/ASF/xmega/drivers/adc/adc.o
 .debug_macro   0x00008a75      0x1bb src/ASF/xmega/drivers/adc/adc.o
 .debug_macro   0x00008c30       0x2e src/ASF/xmega/drivers/adc/adc.o
 .debug_macro   0x00008c5e       0x66 src/ASF/xmega/drivers/adc/adc.o
 .debug_macro   0x00008cc4       0x2f src/ASF/xmega/drivers/adc/adc.o
 .debug_macro   0x00008cf3      0x154 src/ASF/xmega/drivers/adc/adc.o
 .debug_macro   0x00008e47       0xe3 src/ASF/xmega/drivers/adc/adc.o
 .debug_macro   0x00008f2a      0x23f src/ASF/xmega/drivers/adc/xmega_aau/adc_aau.o
 .debug_macro   0x00009169      0x3a6 src/ASF/xmega/services/pwm/pwm.o
 .debug_macro   0x0000950f       0x34 src/ASF/xmega/services/pwm/pwm.o
 .debug_macro   0x00009543       0x28 src/ASF/xmega/services/pwm/pwm.o
 .debug_macro   0x0000956b       0x22 src/ASF/xmega/services/pwm/pwm.o
 .debug_macro   0x0000958d       0x82 src/ASF/xmega/services/pwm/pwm.o
 .debug_macro   0x0000960f      0x109 src/ASF/xmega/services/pwm/pwm.o
 .debug_macro   0x00009718       0x40 src/ASF/xmega/services/pwm/pwm.o
 .debug_macro   0x00009758       0x12 src/ASF/xmega/services/pwm/pwm.o
 .debug_macro   0x0000976a       0x3a src/ASF/xmega/services/pwm/pwm.o
 .debug_macro   0x000097a4      0x225 src/ASF/xmega/services/pwm/pwm.o
 .debug_macro   0x000099c9       0x9a src/ASF/xmega/services/pwm/pwm.o
 .debug_macro   0x00009a63       0xec src/ASF/xmega/services/pwm/pwm.o
 .debug_macro   0x00009b4f      0x233 src/ASF/xmega/services/pwm/pwm.o
 .debug_macro   0x00009d82       0xbb src/ASF/xmega/services/pwm/pwm.o
 .debug_macro   0x00009e3d       0x16 src/ASF/xmega/services/pwm/pwm.o
 .debug_macro   0x00009e53       0x1c src/ASF/xmega/services/pwm/pwm.o
 .debug_macro   0x00009e6f      0x190 src/ASF/xmega/services/pwm/pwm.o
 .debug_macro   0x00009fff       0x1c src/ASF/xmega/services/pwm/pwm.o
 .debug_macro   0x0000a01b      0x3f5 src/usb_cdc_interface.o
 .debug_macro   0x0000a410       0x34 src/usb_cdc_interface.o
 .debug_macro   0x0000a444       0x16 src/usb_cdc_interface.o
 .debug_macro   0x0000a45a       0x58 src/usb_cdc_interface.o
 .debug_macro   0x0000a4b2       0x10 src/usb_cdc_interface.o
 .debug_macro   0x0000a4c2       0xf2 src/usb_cdc_interface.o
 .debug_macro   0x0000a5b4      0x235 src/ASF/xmega/drivers/tc/tc.o
 .debug_macro   0x0000a7e9      0x302 src/ASF/xmega/drivers/tc/tc.o
 .debug_macro   0x0000aaeb      0x231 src/ASF/xmega/drivers/usart/usart.o
 .debug_macro   0x0000ad1c       0x34 src/ASF/xmega/drivers/usart/usart.o
 .debug_macro   0x0000ad50      0x3a6 src/Config/init.o
 .debug_macro   0x0000b0f6      0x434 src/main.o
 .debug_macro   0x0000b52a       0x16 src/main.o
 .debug_macro   0x0000b540      0x1eb src/ASF/common/services/clock/xmega/sysclk.o
 .debug_macro   0x0000b72b       0x26 src/ASF/common/services/clock/xmega/sysclk.o
 .debug_macro   0x0000b751      0x193 src/ASF/common/services/ioport/xmega/ioport_compat.o
 .debug_macro   0x0000b8e4      0x1a3 src/ASF/common/services/sleepmgr/xmega/sleepmgr.o
 .debug_macro   0x0000ba87      0x2d1 src/ASF/common/services/usb/class/cdc/device/udi_cdc.o
 .debug_macro   0x0000bd58      0x23c src/ASF/common/services/usb/class/cdc/device/udi_cdc_desc.o
 .debug_macro   0x0000bf94      0x22e src/ASF/common/services/usb/udc/udc.o
 .debug_macro   0x0000c1c2      0x2e4 src/ASF/xmega/drivers/usb/usb_device.o
 .debug_macro   0x0000c4a6      0x467 src/ASF/xmega/drivers/usb/usb_device.o
OUTPUT(windTunnelUSB.elf elf32-avr)
LOAD linker stubs

.BOOT           0x00040000        0x0
